slurmstepd: info: Setting TMPDIR to /scratch/5103428. Previous errors about TMPDIR can be discarded

*****************************************************************************
*                                                                           *
*                    JOB EFFICIENCY REPORT (seff 5103428)                   *
*                                                                           *
*****************************************************************************

Job ID: 5103428
Cluster: finisterrae3
User/Group: ulcesjgc/ulc
State: COMPLETED (exit code 0)
Nodes: 1
Cores per node: 32
CPU Utilized: 00:26:34
CPU Efficiency: 5.97% of 07:24:48 core-walltime
Job Wall-clock time: 00:13:54
Memory Utilized: 2.34 GB
Memory Efficiency: 49.94% of 4.69 GB

 +++++++++++++++++++++++++++++++++++++++++++++++++++++++++++++++++++++++++++
 ++   Memory Efficiency is too small. Please review the requested memory. ++
 ++ It seems that you do not need that much memory so we recommend        ++
 ++ requesting less memory in other similar jobs.                         ++
 +++++++++++++++++++++++++++++++++++++++++++++++++++++++++++++++++++++++++++
 
*****************************************************************************

