slurmstepd: info: Setting TMPDIR to /scratch/4899083. Previous errors about TMPDIR can be discarded
Correlation:  -0.1111111 
Correlation:  -0.8888889 
Correlation:  0.8888889 
Correlation:  0.9444444 
Correlation:  0.9444444 
Correlation:  1 
Correlation:  1 
Correlation:  0.9444444 
Correlation:  0.05555556 
Correlation:  0.2777778 
Correlation:  -0.9444444 
Correlation:  0.9444444 
Correlation:  0.9444444 
Correlation:  0.9444444 
Correlation:  1 
Correlation:  1 
Correlation:  1 
Correlation:  0.9444444 
Correlation:  0.1666667 
Correlation:  -1 
Correlation:  1 
Correlation:  1 
Correlation:  0.8333333 
Correlation:  0 
Correlation:  0.6666667 
Correlation:  0.6666667 
Correlation:  0.8888889 
Correlation:  -0.1111111 
Correlation:  -0.1111111 
Correlation:  -0.6666667 
Correlation:  -0.6666667 
Correlation:  0.6666667 
Correlation:  0.6666667 
Correlation:  0.5 
Correlation:  0.5 
Correlation:  1 
Correlation:  1 
Correlation:  0.9444444 
Correlation:  0.9444444 
Correlation:  1 
Correlation:  1 
Correlation:  1 
Correlation:  1 
Correlation:  0.9444444 
Correlation:  0.9444444 
Correlation:  0.05555556 
Correlation:  -1 
Correlation:  1 
Correlation:  1 
Correlation:  1 
Correlation:  1 
Correlation:  1 
Correlation:  1 
Correlation:  0.5 
Correlation:  -0.1111111 
Correlation:  -0.9444444 
Correlation:  0.9444444 
Correlation:  0.9444444 
Correlation:  1 
Correlation:  1 
Correlation:  1 
Correlation:  1 
Correlation:  1 
Correlation:  0.1666667 
Correlation:  -0.9444444 
Correlation:  0.9444444 
Correlation:  1 
Correlation:  0.8888889 
Correlation:  1 
Correlation:  1 
Correlation:  1 
Correlation:  0.6666667 
Correlation:  0.2222222 
Correlation:  -1 
Correlation:  1 
Correlation:  1 
Correlation:  1 
Correlation:  1 
Correlation:  1 
Correlation:  1 
Correlation:  0.9444444 
Correlation:  -0.2222222 
Correlation:  -1 
Correlation:  1 
Correlation:  1 
Correlation:  0.8888889 
Correlation:  0.7777778 
Correlation:  1 
Correlation:  0.9444444 
Correlation:  0.5555556 
Correlation:  -0.1666667 
Correlation:  -1 
Correlation:  1 
Correlation:  0.9444444 
Correlation:  0.8888889 
Correlation:  1 
Correlation:  1 
Correlation:  0.7777778 
Correlation:  0.7777778 
Correlation:  0.1111111 
Correlation:  -0.9444444 
Correlation:  0.9444444 
Correlation:  0.7777778 
Correlation:  1 
Correlation:  1 
Correlation:  1 
Correlation:  1 
Correlation:  0.8333333 
Correlation:  -0.05555556 
Correlation:  -0.8333333 
Correlation:  0.8333333 
Correlation:  0.5555556 
Correlation:  0.7777778 
Correlation:  0.9444444 
Correlation:  0.9444444 
Correlation:  1 
Correlation:  0.6111111 
Correlation:  0.05555556 
Correlation:  0.05555556 
Correlation:  -0.9444444 
Correlation:  -0.9444444 
Correlation:  0.9444444 
Correlation:  0.9444444 
Correlation:  0.9444444 
Correlation:  0.9444444 
Correlation:  1 
Correlation:  1 
Correlation:  1 
Correlation:  1 
Correlation:  1 
Correlation:  1 
Correlation:  1 
Correlation:  1 
Correlation:  0.8333333 
Correlation:  0.8333333 
Correlation:  0.05555556 
Correlation:  0 
Correlation:  0 
Correlation:  0.05555556 
Correlation:  0.8888889 
Correlation:  1 
Correlation:  1 
Correlation:  0.9444444 
Correlation:  0.9444444 
Correlation:  -0.05555556 
Correlation:  -1 
Correlation:  1 
Correlation:  1 
Correlation:  1 
Correlation:  1 
Correlation:  1 
Correlation:  1 
Correlation:  1 
Correlation:  0.3888889 
Correlation:  -1 
Correlation:  1 
Correlation:  1 
Correlation:  1 
Correlation:  0.8333333 
Correlation:  1 
Correlation:  0.9444444 
Correlation:  0.8333333 
Correlation:  0 
Correlation:  -1 
Correlation:  1 
Correlation:  0.9444444 
Correlation:  1 
Correlation:  1 
Correlation:  1 
Correlation:  1 
Correlation:  0.5555556 
Correlation:  0.3333333 
Correlation:  -0.9444444 
Correlation:  0.9444444 
Correlation:  0.8888889 
Correlation:  1 
Correlation:  0.9444444 
Correlation:  1 
Correlation:  0.9444444 
Correlation:  -0.7222222 
Correlation:  -0.1111111 
Correlation:  -0.9444444 
Correlation:  0.9444444 
Correlation:  1 
Correlation:  0.9444444 
Correlation:  0.9444444 
Correlation:  0.9444444 
Correlation:  1 
Correlation:  0.7777778 
Correlation:  0.2777778 
Correlation:  -0.8888889 
Correlation:  0.8888889 
Correlation:  0.8333333 
Correlation:  0.9444444 
Correlation:  0.9444444 
Correlation:  0.9444444 
Correlation:  1 
Correlation:  0.2777778 
Correlation:  -0.1666667 
Correlation:  -1 
Correlation:  1 
Correlation:  1 
Correlation:  1 
Correlation:  1 
Correlation:  1 
Correlation:  0.9444444 
Correlation:  0.7777778 
Correlation:  0.1111111 
Correlation:  0.1111111 
Correlation:  -1 
Correlation:  -1 
Correlation:  1 
Correlation:  1 
Correlation:  1 
Correlation:  1 
Correlation:  1 
Correlation:  1 
Correlation:  0.8333333 
Correlation:  0.8333333 
Correlation:  1 
Correlation:  1 
Correlation:  0.8888889 
Correlation:  0.8888889 
Correlation:  0.9444444 
Correlation:  0.9444444 
Correlation:  -0.1666667 
Correlation:  -0.8888889 
Correlation:  0.8888889 
Correlation:  0.9444444 
Correlation:  0.8888889 
Correlation:  0.6111111 
Correlation:  0.9444444 
Correlation:  0.6111111 
Correlation:  0 
Correlation:  -0.1666667 
Correlation:  -1 
Correlation:  1 
Correlation:  0.8888889 
Correlation:  0.9444444 
Correlation:  0.5555556 
Correlation:  0.9444444 
Correlation:  0.8333333 
Correlation:  0.9444444 
Correlation:  0.3333333 
Correlation:  -0.6111111 
Correlation:  0.6111111 
Correlation:  0.6666667 
Correlation:  0.6111111 
Correlation:  0.05555556 
Correlation:  0.3333333 
Correlation:  0.6111111 
Correlation:  0.7222222 
Correlation:  0 
Correlation:  -0.9444444 
Correlation:  0.9444444 
Correlation:  0.7222222 
Correlation:  0.9444444 
Correlation:  0.9444444 
Correlation:  1 
Correlation:  0.7777778 
Correlation:  0.7777778 
Correlation:  0.2777778 
Correlation:  -0.8888889 
Correlation:  0.8888889 
Correlation:  0.8888889 
Correlation:  0.8888889 
Correlation:  0.9444444 
Correlation:  1 
Correlation:  0.5555556 
Correlation:  0.8333333 
Correlation:  0 
Correlation:  -0.2222222 
Correlation:  0.2222222 
Correlation:  -0.05555556 
Correlation:  0.4444444 
Correlation:  0.6666667 
Correlation:  0.8333333 
Correlation:  0.7777778 
Correlation:  0.7222222 
Correlation:  0.1111111 
Correlation:  -0.2222222 
Correlation:  0.2222222 
Correlation:  0.2777778 
Correlation:  0.9444444 
Correlation:  1 
Correlation:  1 
Correlation:  0.9444444 
Correlation:  0.9444444 
Correlation:  -0.4444444 
Correlation:  -0.5555556 
Correlation:  0.5555556 
Correlation:  0.5555556 
Correlation:  -0.5 
Correlation:  0.2222222 
Correlation:  0.7777778 
Correlation:  0.6666667 
Correlation:  0.2777778 
Correlation:  0.1111111 
Correlation:  0.1111111 
Correlation:  -1 
Correlation:  -1 
Correlation:  1 
Correlation:  1 
Correlation:  0.9444444 
Correlation:  0.9444444 
Correlation:  0.9444444 
Correlation:  0.9444444 
Correlation:  0.7777778 
Correlation:  0.7777778 
Correlation:  0.9444444 
Correlation:  0.9444444 
Correlation:  0.8888889 
Correlation:  0.8888889 
Correlation:  1 
Correlation:  1 
Correlation:  0.1111111 
Correlation:  -0.8888889 
Correlation:  0.8888889 
Correlation:  0.8888889 
Correlation:  0.8888889 
Correlation:  1 
Correlation:  1 
Correlation:  0.9444444 
Correlation:  0 
Correlation:  -0.2777778 
Correlation:  0.1666667 
Correlation:  -0.1666667 
Correlation:  -0.2777778 
Correlation:  0.7777778 
Correlation:  0.3333333 
Correlation:  0.9444444 
Correlation:  0.8888889 
Correlation:  0.8888889 
Correlation:  0.2222222 
Correlation:  -0.7777778 
Correlation:  0.7777778 
Correlation:  0.9444444 
Correlation:  0.7222222 
Correlation:  0.8888889 
Correlation:  0.9444444 
Correlation:  0.8888889 
Correlation:  0.5555556 
Correlation:  0.05555556 
Correlation:  -0.3888889 
Correlation:  0.3888889 
Correlation:  0.4444444 
Correlation:  0 
Correlation:  0.8333333 
Correlation:  0.7222222 
Correlation:  0.3888889 
Correlation:  0.05555556 
Correlation:  0.2777778 
Correlation:  -0.7222222 
Correlation:  0.7222222 
Correlation:  0.8888889 
Correlation:  0.8888889 
Correlation:  1 
Correlation:  1 
Correlation:  0.9444444 
Correlation:  0.8888889 
Correlation:  -0.1111111 
Correlation:  -1 
Correlation:  1 
Correlation:  1 
Correlation:  1 
Correlation:  1 
Correlation:  1 
Correlation:  1 
Correlation:  0.8333333 
Correlation:  -0.6666667 
Correlation:  -0.9444444 
Correlation:  0.9444444 
Correlation:  1 
Correlation:  1 
Correlation:  0.8888889 
Correlation:  0.8888889 
Correlation:  0.7777778 
Correlation:  0.8888889 
Correlation:  -0.3333333 
Correlation:  -1 
Correlation:  1 
Correlation:  1 
Correlation:  1 
Correlation:  1 
Correlation:  1 
Correlation:  1 
Correlation:  0.7222222 
Correlation:  -0.05555556 
Correlation:  -0.05555556 
Correlation:  -0.4444444 
Correlation:  -0.4444444 
Correlation:  0.4444444 
Correlation:  0.4444444 
Correlation:  0.2222222 
Correlation:  0.2222222 
Correlation:  0.6666667 
Correlation:  0.6666667 
Correlation:  0.6666667 
Correlation:  0.6666667 
Correlation:  0.9444444 
Correlation:  0.9444444 
Correlation:  1 
Correlation:  1 
Correlation:  0.8888889 
Correlation:  0.8888889 
Correlation:  -0.6666667 
Correlation:  -0.2777778 
Correlation:  0.2777778 
Correlation:  0.6111111 
Correlation:  0.6111111 
Correlation:  0.6666667 
Correlation:  0.9444444 
Correlation:  0.5555556 
Correlation:  1 
Correlation:  -0.1666667 
Correlation:  0 
Correlation:  0 
Correlation:  0 
Correlation:  -0.5555556 
Correlation:  0.8333333 
Correlation:  1 
Correlation:  0.7222222 
Correlation:  0.8333333 
Correlation:  0 
Correlation:  -1 
Correlation:  1 
Correlation:  0.9444444 
Correlation:  1 
Correlation:  0.9444444 
Correlation:  1 
Correlation:  1 
Correlation:  0.8888889 
Correlation:  0.2777778 
Correlation:  -1 
Correlation:  1 
Correlation:  1 
Correlation:  1 
Correlation:  1 
Correlation:  1 
Correlation:  0.9444444 
Correlation:  0.8333333 
Correlation:  -0.1111111 
Correlation:  0.3333333 
Correlation:  -0.3333333 
Correlation:  0.1111111 
Correlation:  0.6111111 
Correlation:  1 
Correlation:  0.9444444 
Correlation:  1 
Correlation:  -0.3888889 
Correlation:  -0.05555556 
Correlation:  -0.7777778 
Correlation:  0.7777778 
Correlation:  0 
Correlation:  1 
Correlation:  1 
Correlation:  1 
Correlation:  0.3888889 
Correlation:  0.6666667 
Correlation:  -0.6111111 
Correlation:  -0.9444444 
Correlation:  0.9444444 
Correlation:  0.8333333 
Correlation:  0.7777778 
Correlation:  0.6111111 
Correlation:  1 
Correlation:  1 
Correlation:  0.8333333 
Correlation:  -0.4444444 
Correlation:  -1 
Correlation:  1 
Correlation:  0.9444444 
Correlation:  0.9444444 
Correlation:  1 
Correlation:  1 
Correlation:  1 
Correlation:  0.8888889 
Correlation:  0.05555556 
Correlation:  0.05555556 
Correlation:  -1 
Correlation:  -1 
Correlation:  1 
Correlation:  1 
Correlation:  1 
Correlation:  1 
Correlation:  0.8333333 
Correlation:  0.8333333 
Correlation:  0.1111111 
Correlation:  0.1111111 
Correlation:  0.9444444 
Correlation:  0.9444444 
Correlation:  0.9444444 
Correlation:  0.9444444 
Correlation:  0.7777778 
Correlation:  0.7777778 
Correlation:  -0.5 
Correlation:  -1 
Correlation:  1 
Correlation:  1 
Correlation:  1 
Correlation:  1 
Correlation:  1 
Correlation:  1 
Correlation:  0.6666667 
Correlation:  -0.2222222 
Correlation:  0.9444444 
Correlation:  -0.9444444 
Correlation:  -0.7777778 
Correlation:  -0.3888889 
Correlation:  1 
Correlation:  1 
Correlation:  1 
Correlation:  0.9444444 
Correlation:  0 
Correlation:  -1 
Correlation:  1 
Correlation:  1 
Correlation:  1 
Correlation:  1 
Correlation:  1 
Correlation:  1 
Correlation:  0.7777778 
Correlation:  0.6666667 
Correlation:  -0.4444444 
Correlation:  0.4444444 
Correlation:  0.4444444 
Correlation:  -0.2222222 
Correlation:  0.6666667 
Correlation:  0.5 
Correlation:  0.6666667 
Correlation:  1 
Correlation:  0 
Correlation:  -0.6111111 
Correlation:  0.6111111 
Correlation:  0.7222222 
Correlation:  0.7222222 
Correlation:  1 
Correlation:  1 
Correlation:  1 
Correlation:  0.9444444 
Correlation:  0.2222222 
Correlation:  0.7222222 
Correlation:  -0.7222222 
Correlation:  -0.5 
Correlation:  -0.3333333 
Correlation:  1 
Correlation:  0.8333333 
Correlation:  0.8888889 
Correlation:  1 
Correlation:  -0.4444444 
Correlation:  0.2222222 
Correlation:  -0.2222222 
Correlation:  -0.2777778 
Correlation:  -0.6111111 
Correlation:  0.05555556 
Correlation:  0.1111111 
Correlation:  1 
Correlation:  1 
Correlation:  0 
Correlation:  -0.5 
Correlation:  0.5 
Correlation:  0.5 
Correlation:  0.5555556 
Correlation:  0.5 
Correlation:  0.6666667 
Correlation:  0.6666667 
Correlation:  0.8333333 
Correlation:  -0.1666667 
Correlation:  -0.1666667 
Correlation:  -0.7777778 
Correlation:  -0.7777778 
Correlation:  0.7777778 
Correlation:  0.7777778 
Correlation:  0.8333333 
Correlation:  0.8333333 
Correlation:  1 
Correlation:  1 
Correlation:  0.9444444 
Correlation:  0.9444444 
Correlation:  0.9444444 
Correlation:  0.9444444 
Correlation:  0.9444444 
Correlation:  0.9444444 
Correlation:  0.8333333 
Correlation:  0.8333333 
Correlation:  -0.4444444 
Correlation:  -1 
Correlation:  1 
Correlation:  0.8333333 
Correlation:  1 
Correlation:  0.9444444 
Correlation:  1 
Correlation:  1 
Correlation:  0.9444444 
Correlation:  0 
Correlation:  0.05555556 
Correlation:  -0.05555556 
Correlation:  -0.2222222 
Correlation:  0.8333333 
Correlation:  1 
Correlation:  1 
Correlation:  1 
Correlation:  0.8333333 
Correlation:  0.3888889 
Correlation:  -1 
Correlation:  1 
Correlation:  1 
Correlation:  1 
Correlation:  1 
Correlation:  1 
Correlation:  1 
Correlation:  0.9444444 
Correlation:  0.6666667 
Correlation:  -0.7222222 
Correlation:  0.7222222 
Correlation:  0.7222222 
Correlation:  0.2777778 
Correlation:  0.4444444 
Correlation:  0.6666667 
Correlation:  0.8888889 
Correlation:  0.5555556 
Correlation:  -0.2777778 
Correlation:  -1 
Correlation:  1 
Correlation:  1 
Correlation:  0.8888889 
Correlation:  0.8333333 
Correlation:  1 
Correlation:  0.8888889 
Correlation:  0.7777778 
Correlation:  0 
Correlation:  -0.5555556 
Correlation:  0.5555556 
Correlation:  -0.2777778 
Correlation:  0.5 
Correlation:  0.9444444 
Correlation:  1 
Correlation:  1 
Correlation:  0.9444444 
Correlation:  -0.4444444 
Correlation:  -1 
Correlation:  1 
Correlation:  1 
Correlation:  1 
Correlation:  0.8333333 
Correlation:  1 
Correlation:  1 
Correlation:  0.5555556 
Correlation:  0.2222222 
Correlation:  0.3888889 
Correlation:  -0.3888889 
Correlation:  -0.2777778 
Correlation:  -0.7222222 
Correlation:  0.7777778 
Correlation:  0.6111111 
Correlation:  1 
Correlation:  0.9444444 
Correlation:  -0.3333333 
Correlation:  -0.3333333 
Correlation:  -1 
Correlation:  -1 
Correlation:  1 
Correlation:  1 
Correlation:  1 
Correlation:  1 
Correlation:  1 
Correlation:  1 
Correlation:  0.9444444 
Correlation:  0.9444444 
Correlation:  0.9444444 
Correlation:  0.9444444 
Correlation:  0.6666667 
Correlation:  0.6666667 
Correlation:  0.8888889 
Correlation:  0.8888889 
Correlation:  -0.2222222 
Correlation:  -1 
Correlation:  1 
Correlation:  1 
Correlation:  1 
Correlation:  1 
Correlation:  1 
Correlation:  1 
Correlation:  0.9444444 
Correlation:  0.05555556 
Correlation:  -1 
Correlation:  1 
Correlation:  1 
Correlation:  0.9444444 
Correlation:  1 
Correlation:  1 
Correlation:  1 
Correlation:  0.3333333 
Correlation:  0.2777778 
Correlation:  -1 
Correlation:  1 
Correlation:  1 
Correlation:  1 
Correlation:  0.8333333 
Correlation:  1 
Correlation:  1 
Correlation:  0.8888889 
Correlation:  0.1111111 
Correlation:  -0.6111111 
Correlation:  0.6111111 
Correlation:  0.5 
Correlation:  0.8888889 
Correlation:  1 
Correlation:  1 
Correlation:  0.7222222 
Correlation:  0.5555556 
Correlation:  -0.4444444 
Correlation:  -0.9444444 
Correlation:  0.9444444 
Correlation:  1 
Correlation:  0.8333333 
Correlation:  0.8333333 
Correlation:  0.8888889 
Correlation:  0.6666667 
Correlation:  0.4444444 
Correlation:  0.4444444 
Correlation:  0.8888889 
Correlation:  -0.8888889 
Correlation:  -1 
Correlation:  0 
Correlation:  1 
Correlation:  0.7222222 
Correlation:  0.9444444 
Correlation:  1 
Correlation:  0.1666667 
Correlation:  -1 
Correlation:  1 
Correlation:  1 
Correlation:  1 
Correlation:  1 
Correlation:  1 
Correlation:  1 
Correlation:  0.7777778 
Correlation:  0.3888889 
Correlation:  -1 
Correlation:  1 
Correlation:  1 
Correlation:  0.8333333 
Correlation:  0.3888889 
Correlation:  0.9444444 
Correlation:  0.8333333 
Correlation:  0.5555556 
Correlation:  -0.4444444 
Correlation:  -0.4444444 
Correlation:  -1 
Correlation:  -1 
Correlation:  1 
Correlation:  1 
Correlation:  0.8888889 
Correlation:  0.8888889 
Correlation:  1 
Correlation:  1 
Correlation:  1 
Correlation:  1 
Correlation:  1 
Correlation:  1 
Correlation:  1 
Correlation:  1 
Correlation:  0.8333333 
Correlation:  0.8333333 
Correlation:  0.5 
Correlation:  -1 
Correlation:  1 
Correlation:  1 
Correlation:  1 
Correlation:  1 
Correlation:  1 
Correlation:  1 
Correlation:  0.7777778 
Correlation:  -0.1666667 
Correlation:  -1 
Correlation:  1 
Correlation:  1 
Correlation:  1 
Correlation:  1 
Correlation:  1 
Correlation:  0.7777778 
Correlation:  1 
Correlation:  -0.5555556 
Correlation:  -1 
Correlation:  1 
Correlation:  1 
Correlation:  1 
Correlation:  0.9444444 
Correlation:  1 
Correlation:  0.9444444 
Correlation:  0.5 
Correlation:  0.1111111 
Correlation:  -1 
Correlation:  1 
Correlation:  0.9444444 
Correlation:  0.9444444 
Correlation:  1 
Correlation:  1 
Correlation:  1 
Correlation:  0.6666667 
Correlation:  -0.2222222 
Correlation:  0.1111111 
Correlation:  -0.1111111 
Correlation:  -0.05555556 
Correlation:  0.6111111 
Correlation:  1 
Correlation:  1 
Correlation:  0.4444444 
Correlation:  0.8333333 
Correlation:  0.4444444 
Correlation:  -1 
Correlation:  1 
Correlation:  1 
Correlation:  1 
Correlation:  1 
Correlation:  1 
Correlation:  1 
Correlation:  0.6666667 
Correlation:  0.1666667 
Correlation:  -1 
Correlation:  1 
Correlation:  1 
Correlation:  1 
Correlation:  1 
Correlation:  1 
Correlation:  1 
Correlation:  0.8333333 
Correlation:  0.4444444 
Correlation:  0.5555556 
Correlation:  -0.5555556 
Correlation:  -0.4444444 
Correlation:  0.3888889 
Correlation:  0.9444444 
Correlation:  1 
Correlation:  0.5555556 
Correlation:  0.6666667 
Correlation:  -0.1111111 
Correlation:  -0.1111111 
Correlation:  0.2777778 
Correlation:  0.2777778 
Correlation:  -0.2777778 
Correlation:  -0.2777778 
Correlation:  0.6111111 
Correlation:  0.6111111 
Correlation:  0.7222222 
Correlation:  0.7222222 
Correlation:  0.8888889 
Correlation:  0.8888889 
Correlation:  0.9444444 
Correlation:  0.9444444 
Correlation:  1 
Correlation:  1 
Correlation:  0.2777778 
Correlation:  0.2777778 
Correlation:  0.3333333 
Correlation:  -1 
Correlation:  1 
Correlation:  1 
Correlation:  1 
Correlation:  1 
Correlation:  1 
Correlation:  1 
Correlation:  0.8333333 
Correlation:  -0.2777778 
Correlation:  -0.2222222 
Correlation:  0.2222222 
Correlation:  0.2222222 
Correlation:  0.2777778 
Correlation:  0.1666667 
Correlation:  0.5555556 
Correlation:  0.6666667 
Correlation:  0.7777778 
Correlation:  -0.5 
Correlation:  0.2222222 
Correlation:  -0.2222222 
Correlation:  -0.1666667 
Correlation:  0.3333333 
Correlation:  1 
Correlation:  0.8888889 
Correlation:  0.8888889 
Correlation:  0.6666667 
Correlation:  -0.2222222 
Correlation:  0 
Correlation:  0 
Correlation:  0.1111111 
Correlation:  0 
Correlation:  0.9444444 
Correlation:  1 
Correlation:  0.7777778 
Correlation:  0.9444444 
Correlation:  -0.1111111 
Correlation:  -1 
Correlation:  1 
Correlation:  1 
Correlation:  1 
Correlation:  1 
Correlation:  1 
Correlation:  0.9444444 
Correlation:  0.6666667 
Correlation:  0.2777778 
Correlation:  -1 
Correlation:  1 
Correlation:  1 
Correlation:  1 
Correlation:  1 
Correlation:  1 
Correlation:  1 
Correlation:  1 
Correlation:  -0.05555556 
Correlation:  -0.8333333 
Correlation:  0.8333333 
Correlation:  0.8888889 
Correlation:  0.6111111 
Correlation:  0.05555556 
Correlation:  0.8888889 
Correlation:  1 
Correlation:  0.4444444 
Correlation:  0.3333333 
Correlation:  -0.6666667 
Correlation:  0.6666667 
Correlation:  0.6666667 
Correlation:  0.3333333 
Correlation:  1 
Correlation:  0.6111111 
Correlation:  1 
Correlation:  1 
Correlation:  -0.4444444 
Correlation:  -0.4444444 
Correlation:  0.5 
Correlation:  0.5 
Correlation:  -0.5 
Correlation:  -0.5 
Correlation:  -0.4444444 
Correlation:  -0.4444444 
Correlation:  0.6111111 
Correlation:  0.6111111 
Correlation:  1 
Correlation:  1 
Correlation:  1 
Correlation:  1 
Correlation:  1 
Correlation:  1 
Correlation:  0.6111111 
Correlation:  0.6111111 
Correlation:  0.1666667 
Correlation:  -0.8888889 
Correlation:  0.8888889 
Correlation:  0.8888889 
Correlation:  0.5 
Correlation:  0.7777778 
Correlation:  0.6111111 
Correlation:  0.2777778 
Correlation:  -0.1666667 
Correlation:  -0.2222222 
Correlation:  -1 
Correlation:  1 
Correlation:  1 
Correlation:  0.8888889 
Correlation:  0.1666667 
Correlation:  0.8333333 
Correlation:  0.9444444 
Correlation:  0.8888889 
Correlation:  -0.2777778 
Correlation:  -1 
Correlation:  1 
Correlation:  1 
Correlation:  1 
Correlation:  1 
Correlation:  1 
Correlation:  1 
Correlation:  0.6111111 
Correlation:  0.1111111 
Correlation:  -1 
Correlation:  1 
Correlation:  0.7777778 
Correlation:  1 
Correlation:  1 
Correlation:  1 
Correlation:  1 
Correlation:  0.6111111 
Correlation:  0.4444444 
Correlation:  0.3888889 
Correlation:  -0.3888889 
Correlation:  -0.2222222 
Correlation:  -0.2222222 
Correlation:  1 
Correlation:  0.8888889 
Correlation:  0.7222222 
Correlation:  0.3333333 
Correlation:  0.1111111 
Correlation:  -0.9444444 
Correlation:  0.9444444 
Correlation:  1 
Correlation:  1 
Correlation:  1 
Correlation:  1 
Correlation:  1 
Correlation:  0.6111111 
Correlation:  0.2222222 
Correlation:  -0.6111111 
Correlation:  0.6111111 
Correlation:  0.5555556 
Correlation:  0.3333333 
Correlation:  0.8888889 
Correlation:  0.6666667 
Correlation:  0.5555556 
Correlation:  0.6111111 
Correlation:  0.2777778 
Correlation:  0.6111111 
Correlation:  -0.6111111 
Correlation:  0.1666667 
Correlation:  0 
Correlation:  1 
Correlation:  1 
Correlation:  1 
Correlation:  0.4444444 
Correlation:  0 
Correlation:  0 
Correlation:  -1 
Correlation:  -1 
Correlation:  1 
Correlation:  1 
Correlation:  1 
Correlation:  1 
Correlation:  0.7222222 
Correlation:  0.7222222 
Correlation:  -0.1111111 
Correlation:  -0.1111111 
Correlation:  0.8888889 
Correlation:  0.8888889 
Correlation:  0.8888889 
Correlation:  0.8888889 
Correlation:  0.5 
Correlation:  0.5 
Correlation:  0.2222222 
Correlation:  -1 
Correlation:  1 
Correlation:  1 
Correlation:  0.7777778 
Correlation:  0.3333333 
Correlation:  0.8888889 
Correlation:  0.9444444 
Correlation:  0.8333333 
Correlation:  -0.2777778 
Correlation:  -1 
Correlation:  1 
Correlation:  1 
Correlation:  1 
Correlation:  1 
Correlation:  1 
Correlation:  1 
Correlation:  0.4444444 
Correlation:  -0.2777778 
Correlation:  -0.4444444 
Correlation:  0.4444444 
Correlation:  0.2222222 
Correlation:  1 
Correlation:  1 
Correlation:  1 
Correlation:  1 
Correlation:  0.6111111 
Correlation:  0.3333333 
Correlation:  -1 
Correlation:  1 
Correlation:  1 
Correlation:  1 
Correlation:  1 
Correlation:  1 
Correlation:  1 
Correlation:  0.6111111 
Correlation:  0.1666667 
Correlation:  -0.7222222 
Correlation:  0.7222222 
Correlation:  0.7222222 
Correlation:  0.5555556 
Correlation:  0.8333333 
Correlation:  0.6111111 
Correlation:  0.9444444 
Correlation:  0.8333333 
Correlation:  -0.2222222 
Correlation:  0.05555556 
Correlation:  -0.05555556 
Correlation:  -0.2222222 
Correlation:  0.8333333 
Correlation:  1 
Correlation:  1 
Correlation:  1 
Correlation:  0.8333333 
Correlation:  0.05555556 
Correlation:  0 
Correlation:  0 
Correlation:  0.3333333 
Correlation:  0.1111111 
Correlation:  1 
Correlation:  0.9444444 
Correlation:  1 
Correlation:  0.8333333 
Correlation:  0.3333333 
Correlation:  0.7777778 
Correlation:  -0.7777778 
Correlation:  -0.7777778 
Correlation:  0.3333333 
Correlation:  1 
Correlation:  0.9444444 
Correlation:  0.9444444 
Correlation:  0.8888889 
Correlation:  0.1111111 
Correlation:  0.1111111 
Correlation:  -1 
Correlation:  -1 
Correlation:  1 
Correlation:  1 
Correlation:  0.9444444 
Correlation:  0.9444444 
Correlation:  1 
Correlation:  1 
Correlation:  1 
Correlation:  1 
Correlation:  1 
Correlation:  1 
Correlation:  1 
Correlation:  1 
Correlation:  0.8333333 
Correlation:  0.8333333 
Correlation:  0 
Correlation:  -0.9444444 
Correlation:  0.9444444 
Correlation:  0.9444444 
Correlation:  0.7777778 
Correlation:  0.6666667 
Correlation:  0.8333333 
Correlation:  0.8333333 
Correlation:  1 
Correlation:  0.3888889 
Correlation:  -0.6666667 
Correlation:  0.6666667 
Correlation:  0.6666667 
Correlation:  0 
Correlation:  0.7222222 
Correlation:  0.5 
Correlation:  0.9444444 
Correlation:  0.2777778 
Correlation:  -0.1666667 
Correlation:  0.1111111 
Correlation:  -0.1111111 
Correlation:  -0.1111111 
Correlation:  -0.4444444 
Correlation:  0.8888889 
Correlation:  0.6111111 
Correlation:  0.6111111 
Correlation:  1 
Correlation:  0.3888889 
Correlation:  -0.8888889 
Correlation:  0.8888889 
Correlation:  0.9444444 
Correlation:  1 
Correlation:  1 
Correlation:  1 
Correlation:  1 
Correlation:  0.7222222 
Correlation:  -0.1111111 
Correlation:  -1 
Correlation:  1 
Correlation:  1 
Correlation:  1 
Correlation:  1 
Correlation:  1 
Correlation:  1 
Correlation:  0.9444444 
Correlation:  -0.2222222 
Correlation:  -1 
Correlation:  1 
Correlation:  1 
Correlation:  1 
Correlation:  1 
Correlation:  1 
Correlation:  1 
Correlation:  0.7222222 
Correlation:  0 
Correlation:  -0.4444444 
Correlation:  0.4444444 
Correlation:  -0.4444444 
Correlation:  0.8333333 
Correlation:  1 
Correlation:  1 
Correlation:  1 
Correlation:  1 
Correlation:  0.2777778 
Correlation:  -1 
Correlation:  1 
Correlation:  1 
Correlation:  1 
Correlation:  0.9444444 
Correlation:  0.9444444 
Correlation:  0.4444444 
Correlation:  0.8888889 
Correlation:  0.2222222 
Correlation:  0.2222222 
Correlation:  -0.8888889 
Correlation:  -0.8888889 
Correlation:  0.8888889 
Correlation:  0.8888889 
Correlation:  0.8333333 
Correlation:  0.8333333 
Correlation:  0.7222222 
Correlation:  0.7222222 
Correlation:  0.3333333 
Correlation:  0.3333333 
Correlation:  0.8888889 
Correlation:  0.8888889 
Correlation:  0.7777778 
Correlation:  0.7777778 
Correlation:  0.9444444 
Correlation:  0.9444444 
Correlation:  0.05555556 
Correlation:  0.1111111 
Correlation:  -0.1111111 
Correlation:  -0.05555556 
Correlation:  -0.6111111 
Correlation:  1 
Correlation:  0.6666667 
Correlation:  1 
Correlation:  0.6111111 
Correlation:  0.3888889 
Correlation:  -1 
Correlation:  1 
Correlation:  1 
Correlation:  1 
Correlation:  1 
Correlation:  1 
Correlation:  1 
Correlation:  0.9444444 
Correlation:  0.2222222 
Correlation:  -0.7777778 
Correlation:  0.7777778 
Correlation:  0.7777778 
Correlation:  0.05555556 
Correlation:  0.3333333 
Correlation:  0.5 
Correlation:  0.9444444 
Correlation:  0.9444444 
Correlation:  -0.2777778 
Correlation:  -1 
Correlation:  1 
Correlation:  1 
Correlation:  1 
Correlation:  1 
Correlation:  1 
Correlation:  1 
Correlation:  0.8333333 
Correlation:  0.2222222 
Correlation:  -1 
Correlation:  1 
Correlation:  1 
Correlation:  1 
Correlation:  1 
Correlation:  1 
Correlation:  1 
Correlation:  0.8888889 
Correlation:  0.1111111 
Correlation:  -1 
Correlation:  1 
Correlation:  1 
Correlation:  1 
Correlation:  1 
Correlation:  1 
Correlation:  1 
Correlation:  0.8888889 
Correlation:  0.1111111 
Correlation:  -1 
Correlation:  1 
Correlation:  1 
Correlation:  0.8333333 
Correlation:  0.1111111 
Correlation:  0.8333333 
Correlation:  0.9444444 
Correlation:  0.8333333 
Correlation:  0.2222222 
Correlation:  -1 
Correlation:  1 
Correlation:  1 
Correlation:  1 
Correlation:  1 
Correlation:  1 
Correlation:  1 
Correlation:  0.8333333 
Correlation:  0.3888889 
Correlation:  0.3888889 
Correlation:  -0.8333333 
Correlation:  -0.8333333 
Correlation:  0.8333333 
Correlation:  0.8333333 
Correlation:  0.8333333 
Correlation:  0.8333333 
Correlation:  0.4444444 
Correlation:  0.4444444 
Correlation:  0.9444444 
Correlation:  0.9444444 
Correlation:  0.6666667 
Correlation:  0.6666667 
Correlation:  0.3333333 
Correlation:  0.3333333 
Correlation:  0.5 
Correlation:  0.5 
Correlation:  0.1666667 
Correlation:  -1 
Correlation:  1 
Correlation:  1 
Correlation:  1 
Correlation:  1 
Correlation:  1 
Correlation:  1 
Correlation:  0.6111111 
Correlation:  0.1666667 
Correlation:  0.8333333 
Correlation:  -0.8333333 
Correlation:  -0.2777778 
Correlation:  0.2222222 
Correlation:  1 
Correlation:  1 
Correlation:  1 
Correlation:  0.6111111 
Correlation:  -0.1111111 
Correlation:  -0.3333333 
Correlation:  0.3333333 
Correlation:  0.1666667 
Correlation:  0.7777778 
Correlation:  0.2222222 
Correlation:  0.8888889 
Correlation:  1 
Correlation:  0.8333333 
Correlation:  0.2222222 
Correlation:  -1 
Correlation:  1 
Correlation:  1 
Correlation:  1 
Correlation:  1 
Correlation:  1 
Correlation:  1 
Correlation:  1 
Correlation:  0.1666667 
Correlation:  -1 
Correlation:  1 
Correlation:  1 
Correlation:  0.9444444 
Correlation:  1 
Correlation:  1 
Correlation:  0.6666667 
Correlation:  0.5 
Correlation:  0.1111111 
Correlation:  -1 
Correlation:  1 
Correlation:  0.8333333 
Correlation:  1 
Correlation:  1 
Correlation:  1 
Correlation:  1 
Correlation:  0.8333333 
Correlation:  0 
Correlation:  -0.9444444 
Correlation:  0.9444444 
Correlation:  0.9444444 
Correlation:  0.9444444 
Correlation:  0.4444444 
Correlation:  1 
Correlation:  0.8333333 
Correlation:  0.6666667 
Correlation:  -0.1666667 
Correlation:  -1 
Correlation:  1 
Correlation:  1 
Correlation:  1 
Correlation:  1 
Correlation:  1 
Correlation:  1 
Correlation:  0.5555556 
Correlation:  0 
Correlation:  0 
Correlation:  -0.9444444 
Correlation:  -0.9444444 
Correlation:  0.9444444 
Correlation:  0.9444444 
Correlation:  0.9444444 
Correlation:  0.9444444 
Correlation:  0.9444444 
Correlation:  0.9444444 
Correlation:  1 
Correlation:  1 
Correlation:  1 
Correlation:  1 
Correlation:  1 
Correlation:  1 
Correlation:  0.8333333 
Correlation:  0.8333333 
Correlation:  -0.5555556 
Correlation:  -0.2777778 
Correlation:  0.2777778 
Correlation:  0.3888889 
Correlation:  1 
Correlation:  1 
Correlation:  1 
Correlation:  0.9444444 
Correlation:  0.7222222 
Correlation:  0.3333333 
Correlation:  -1 
Correlation:  1 
Correlation:  0.8333333 
Correlation:  1 
Correlation:  1 
Correlation:  1 
Correlation:  1 
Correlation:  0.6111111 
Correlation:  -0.3888889 
Correlation:  0.2222222 
Correlation:  -0.2222222 
Correlation:  -0.1666667 
Correlation:  0.05555556 
Correlation:  0.6666667 
Correlation:  0.6666667 
Correlation:  0.8888889 
Correlation:  0.3333333 
Correlation:  0.05555556 
Correlation:  -0.1666667 
Correlation:  0.1666667 
Correlation:  0.3888889 
Correlation:  0.7222222 
Correlation:  0.8888889 
Correlation:  1 
Correlation:  1 
Correlation:  0.6666667 
Correlation:  -0.3333333 
Correlation:  -1 
Correlation:  1 
Correlation:  1 
Correlation:  1 
Correlation:  1 
Correlation:  1 
Correlation:  1 
Correlation:  0.8333333 

*****************************************************************************
*                                                                           *
*                    JOB EFFICIENCY REPORT (seff 4899083)                   *
*                                                                           *
*****************************************************************************

Job ID: 4899083
Cluster: finisterrae3
User/Group: ulcesjgc/ulc
State: COMPLETED (exit code 0)
Nodes: 1
Cores per node: 32
CPU Utilized: 04:49:34
CPU Efficiency: 59.66% of 08:05:20 core-walltime
Job Wall-clock time: 00:15:10
Memory Utilized: 6.92 GB
Memory Efficiency: 92.28% of 7.50 GB

*****************************************************************************

