slurmstepd: info: Setting TMPDIR to /scratch/4829829. Previous errors about TMPDIR can be discarded

*****************************************************************************
*                                                                           *
*                    JOB EFFICIENCY REPORT (seff 4829829)                   *
*                                                                           *
*****************************************************************************

Job ID: 4829829
Cluster: finisterrae3
User/Group: ulcesjgc/ulc
State: COMPLETED (exit code 0)
Cores: 1
CPU Utilized: 00:33:11
CPU Efficiency: 99.55% of 00:33:20 core-walltime
Job Wall-clock time: 00:33:20
Memory Utilized: 575.47 MB
Memory Efficiency: 56.20% of 1.00 GB

 +++++++++++++++++++++++++++++++++++++++++++++++++++++++++++++++++++++++++++
 ++   Memory Efficiency is too small. Please review the requested memory. ++
 ++ It seems that you do not need that much memory so we recommend        ++
 ++ requesting less memory in other similar jobs.                         ++
 +++++++++++++++++++++++++++++++++++++++++++++++++++++++++++++++++++++++++++
 
*****************************************************************************

