slurmstepd: info: Setting TMPDIR to /scratch/4861861. Previous errors about TMPDIR can be discarded

*****************************************************************************
*                                                                           *
*                    JOB EFFICIENCY REPORT (seff 4861861)                   *
*                                                                           *
*****************************************************************************

Job ID: 4861861
Cluster: finisterrae3
User/Group: ulcesjgc/ulc
State: COMPLETED (exit code 0)
Nodes: 1
Cores per node: 24
CPU Utilized: 01:01:26
CPU Efficiency: 5.03% of 20:20:48 core-walltime
Job Wall-clock time: 00:50:52
Memory Utilized: 819.43 MB
Memory Efficiency: 34.14% of 2.34 GB

 +++++++++++++++++++++++++++++++++++++++++++++++++++++++++++++++++++++++++++
 ++   Memory Efficiency is too small. Please review the requested memory. ++
 ++ It seems that you do not need that much memory so we recommend        ++
 ++ requesting less memory in other similar jobs.                         ++
 +++++++++++++++++++++++++++++++++++++++++++++++++++++++++++++++++++++++++++
 
*****************************************************************************

