slurmstepd: info: Setting TMPDIR to /scratch/4833166. Previous errors about TMPDIR can be discarded

*****************************************************************************
*                                                                           *
*                    JOB EFFICIENCY REPORT (seff 4833166)                   *
*                                                                           *
*****************************************************************************

Job ID: 4833166
Cluster: finisterrae3
User/Group: ulcesjgc/ulc
State: COMPLETED (exit code 0)
Nodes: 1
Cores per node: 4
CPU Utilized: 01:27:11
CPU Efficiency: 56.98% of 02:33:00 core-walltime
Job Wall-clock time: 00:38:15
Memory Utilized: 1.30 GB
Memory Efficiency: 55.35% of 2.34 GB

 +++++++++++++++++++++++++++++++++++++++++++++++++++++++++++++++++++++++++++
 ++   Memory Efficiency is too small. Please review the requested memory. ++
 ++ It seems that you do not need that much memory so we recommend        ++
 ++ requesting less memory in other similar jobs.                         ++
 +++++++++++++++++++++++++++++++++++++++++++++++++++++++++++++++++++++++++++
 
*****************************************************************************

