slurmstepd: info: Setting TMPDIR to /scratch/4851592. Previous errors about TMPDIR can be discarded

*****************************************************************************
*                                                                           *
*                    JOB EFFICIENCY REPORT (seff 4851592)                   *
*                                                                           *
*****************************************************************************

Job ID: 4851592
Cluster: finisterrae3
User/Group: ulcesjgc/ulc
State: COMPLETED (exit code 0)
Nodes: 1
Cores per node: 16
CPU Utilized: 01:31:10
CPU Efficiency: 20.77% of 07:18:56 core-walltime
Job Wall-clock time: 00:27:26
Memory Utilized: 1.98 GB
Memory Efficiency: 42.28% of 4.69 GB

 +++++++++++++++++++++++++++++++++++++++++++++++++++++++++++++++++++++++++++
 ++   Memory Efficiency is too small. Please review the requested memory. ++
 ++ It seems that you do not need that much memory so we recommend        ++
 ++ requesting less memory in other similar jobs.                         ++
 +++++++++++++++++++++++++++++++++++++++++++++++++++++++++++++++++++++++++++
 
*****************************************************************************

