slurmstepd: info: Setting TMPDIR to /scratch/4829318. Previous errors about TMPDIR can be discarded

*****************************************************************************
*                                                                           *
*                    JOB EFFICIENCY REPORT (seff 4829318)                   *
*                                                                           *
*****************************************************************************

Job ID: 4829318
Cluster: finisterrae3
User/Group: ulcesjgc/ulc
State: COMPLETED (exit code 0)
Nodes: 1
Cores per node: 8
CPU Utilized: 00:41:36
CPU Efficiency: 73.07% of 00:56:56 core-walltime
Job Wall-clock time: 00:07:07
Memory Utilized: 1.78 GB
Memory Efficiency: 44.51% of 4.00 GB

 +++++++++++++++++++++++++++++++++++++++++++++++++++++++++++++++++++++++++++
 ++   Memory Efficiency is too small. Please review the requested memory. ++
 ++ It seems that you do not need that much memory so we recommend        ++
 ++ requesting less memory in other similar jobs.                         ++
 +++++++++++++++++++++++++++++++++++++++++++++++++++++++++++++++++++++++++++
 
*****************************************************************************

