slurmstepd: info: Setting TMPDIR to /scratch/4891621. Previous errors about TMPDIR can be discarded

*****************************************************************************
*                                                                           *
*                    JOB EFFICIENCY REPORT (seff 4891621)                   *
*                                                                           *
*****************************************************************************

Job ID: 4891621
Cluster: finisterrae3
User/Group: ulcesjgc/ulc
State: COMPLETED (exit code 0)
Nodes: 2
Cores per node: 16
CPU Utilized: 03:42:46
CPU Efficiency: 27.07% of 13:42:56 core-walltime
Job Wall-clock time: 00:25:43
Memory Utilized: 3.53 GB
Memory Efficiency: 45.24% of 7.81 GB

 +++++++++++++++++++++++++++++++++++++++++++++++++++++++++++++++++++++++++++
 ++   Memory Efficiency is too small. Please review the requested memory. ++
 ++ It seems that you do not need that much memory so we recommend        ++
 ++ requesting less memory in other similar jobs.                         ++
 +++++++++++++++++++++++++++++++++++++++++++++++++++++++++++++++++++++++++++
 
*****************************************************************************


*****************************************************************************
*                                                                           *
*                    JOB EFFICIENCY REPORT (seff 4891621)                   *
*                                                                           *
*****************************************************************************

Job ID: 4891621
Cluster: finisterrae3
User/Group: ulcesjgc/ulc
State: COMPLETED (exit code 0)
Nodes: 2
Cores per node: 16
CPU Utilized: 03:42:46
CPU Efficiency: 27.07% of 13:42:56 core-walltime
Job Wall-clock time: 00:25:43
Memory Utilized: 3.53 GB
Memory Efficiency: 45.24% of 7.81 GB

 +++++++++++++++++++++++++++++++++++++++++++++++++++++++++++++++++++++++++++
 ++   Memory Efficiency is too small. Please review the requested memory. ++
 ++ It seems that you do not need that much memory so we recommend        ++
 ++ requesting less memory in other similar jobs.                         ++
 +++++++++++++++++++++++++++++++++++++++++++++++++++++++++++++++++++++++++++
 
*****************************************************************************

