slurmstepd: info: Setting TMPDIR to /scratch/4831084. Previous errors about TMPDIR can be discarded

*****************************************************************************
*                                                                           *
*                    JOB EFFICIENCY REPORT (seff 4831084)                   *
*                                                                           *
*****************************************************************************

Job ID: 4831084
Cluster: finisterrae3
User/Group: ulcesjgc/ulc
State: COMPLETED (exit code 0)
Nodes: 1
Cores per node: 2
CPU Utilized: 01:01:53
CPU Efficiency: 60.04% of 01:43:04 core-walltime
Job Wall-clock time: 00:51:32
Memory Utilized: 826.26 MB
Memory Efficiency: 59.02% of 1.37 GB

 +++++++++++++++++++++++++++++++++++++++++++++++++++++++++++++++++++++++++++
 ++   Memory Efficiency is too small. Please review the requested memory. ++
 ++ It seems that you do not need that much memory so we recommend        ++
 ++ requesting less memory in other similar jobs.                         ++
 +++++++++++++++++++++++++++++++++++++++++++++++++++++++++++++++++++++++++++
 
*****************************************************************************

