slurmstepd: info: Setting TMPDIR to /scratch/4857410. Previous errors about TMPDIR can be discarded

*****************************************************************************
*                                                                           *
*                    JOB EFFICIENCY REPORT (seff 4857410)                   *
*                                                                           *
*****************************************************************************

Job ID: 4857410
Cluster: finisterrae3
User/Group: ulcesjgc/ulc
State: COMPLETED (exit code 0)
Nodes: 1
Cores per node: 16
CPU Utilized: 01:03:12
CPU Efficiency: 7.58% of 13:53:36 core-walltime
Job Wall-clock time: 00:52:06
Memory Utilized: 825.22 MB
Memory Efficiency: 17.19% of 4.69 GB

 +++++++++++++++++++++++++++++++++++++++++++++++++++++++++++++++++++++++++++
 ++   Memory Efficiency is too small. Please review the requested memory. ++
 ++ It seems that you do not need that much memory so we recommend        ++
 ++ requesting less memory in other similar jobs.                         ++
 +++++++++++++++++++++++++++++++++++++++++++++++++++++++++++++++++++++++++++
 
*****************************************************************************

