slurmstepd: info: Setting TMPDIR to /scratch/4923222. Previous errors about TMPDIR can be discarded
Parametros:  100;5;0;107 
Parametros:  100;5;1;107 
Parametros:  100;5;2;107 
Parametros:  100;5;3;107 
Parametros:  100;5;4;107 
Parametros:  100;5;5;107 
Parametros:  100;5;6;107 
Parametros:  100;5;7;107 
Parametros:  100;5;8;107 
Parametros:  100;5;0;126 
Parametros:  100;5;1;126 
Parametros:  100;5;2;126 
Parametros:  100;5;3;126 
Parametros:  100;5;4;126 
Parametros:  100;5;5;126 
Parametros:  100;5;6;126 
Parametros:  100;5;7;126 
Parametros:  100;5;8;126 
Parametros:  100;5;0;149 
Parametros:  100;5;1;149 
Parametros:  100;5;2;149 
Parametros:  100;5;3;149 
Parametros:  100;5;4;149 
Parametros:  100;5;5;149 
Parametros:  100;5;6;149 
Parametros:  100;5;7;149 
Parametros:  100;5;8;149 
Parametros:  100;5;0;182 
Parametros:  100;5;1;182 
Parametros:  100;5;2;182 
Parametros:  100;5;3;182 
Parametros:  100;5;4;182 
Parametros:  100;5;5;182 
Parametros:  100;5;6;182 
Parametros:  100;5;7;182 
Parametros:  100;5;8;182 
Parametros:  100;5;0;233 
Parametros:  100;5;1;233 
Parametros:  100;5;2;233 
Parametros:  100;5;3;233 
Parametros:  100;5;4;233 
Parametros:  100;5;5;233 
Parametros:  100;5;6;233 
Parametros:  100;5;7;233 
Parametros:  100;5;8;233 
Parametros:  100;5;0;242 
Parametros:  100;5;1;242 
Parametros:  100;5;2;242 
Parametros:  100;5;3;242 
Parametros:  100;5;4;242 
Parametros:  100;5;5;242 
Parametros:  100;5;6;242 
Parametros:  100;5;7;242 
Parametros:  100;5;8;242 
Parametros:  100;5;0;261 
Parametros:  100;5;1;261 
Parametros:  100;5;2;261 
Parametros:  100;5;3;261 
Parametros:  100;5;4;261 
Parametros:  100;5;5;261 
Parametros:  100;5;6;261 
Parametros:  100;5;7;261 
Parametros:  100;5;8;261 
Parametros:  100;5;0;265 
Parametros:  100;5;1;265 
Parametros:  100;5;2;265 
Parametros:  100;5;3;265 
Parametros:  100;5;4;265 
Parametros:  100;5;5;265 
Parametros:  100;5;6;265 
Parametros:  100;5;7;265 
Parametros:  100;5;8;265 
Parametros:  100;5;0;301 
Parametros:  100;5;1;301 
Parametros:  100;5;2;301 
Parametros:  100;5;3;301 
Parametros:  100;5;4;301 
Parametros:  100;5;5;301 
Parametros:  100;5;6;301 
Parametros:  100;5;7;301 
Parametros:  100;5;8;301 
Parametros:  100;5;0;379 
Parametros:  100;5;1;379 
Parametros:  100;5;2;379 
Parametros:  100;5;3;379 
Parametros:  100;5;4;379 
Parametros:  100;5;5;379 
Parametros:  100;5;6;379 
Parametros:  100;5;7;379 
Parametros:  100;5;8;379 
Parametros:  100;5;0;662 
Parametros:  100;5;1;662 
Parametros:  100;5;2;662 
Parametros:  100;5;3;662 
Parametros:  100;5;4;662 
Parametros:  100;5;5;662 
Parametros:  100;5;6;662 
Parametros:  100;5;7;662 
Parametros:  100;5;8;662 
Parametros:  100;5;0;684 
Parametros:  100;5;1;684 
Parametros:  100;5;2;684 
Parametros:  100;5;3;684 
Parametros:  100;5;4;684 
Parametros:  100;5;5;684 
Parametros:  100;5;6;684 
Parametros:  100;5;7;684 
Parametros:  100;5;8;684 
Parametros:  100;5;0;702 
Parametros:  100;5;1;702 
Parametros:  100;5;2;702 
Parametros:  100;5;3;702 
Parametros:  100;5;4;702 
Parametros:  100;5;5;702 
Parametros:  100;5;6;702 
Parametros:  100;5;7;702 
Parametros:  100;5;8;702 
Parametros:  100;5;0;814 
Parametros:  100;5;1;814 
Parametros:  100;5;2;814 
Parametros:  100;5;3;814 
Parametros:  100;5;4;814 
Parametros:  100;5;5;814 
Parametros:  100;5;6;814 
Parametros:  100;5;7;814 
Parametros:  100;5;8;814 
Parametros:  100;5;0;888 
Parametros:  100;5;1;888 
Parametros:  100;5;2;888 
Parametros:  100;5;3;888 
Parametros:  100;5;4;888 
Parametros:  100;5;5;888 
Parametros:  100;5;6;888 
Parametros:  100;5;7;888 
Parametros:  100;5;8;888 
Parametros:  100;5;0;1165 
Parametros:  100;5;1;1165 
Parametros:  100;5;2;1165 
Parametros:  100;5;3;1165 
Parametros:  100;5;4;1165 
Parametros:  100;5;5;1165 
Parametros:  100;5;6;1165 
Parametros:  100;5;7;1165 
Parametros:  100;5;8;1165 
Parametros:  100;5;0;2012 
Parametros:  100;5;1;2012 
Parametros:  100;5;2;2012 
Parametros:  100;5;3;2012 
Parametros:  100;5;4;2012 
Parametros:  100;5;5;2012 
Parametros:  100;5;6;2012 
Parametros:  100;5;7;2012 
Parametros:  100;5;8;2012 
Parametros:  100;5;0;2511 
Parametros:  100;5;1;2511 
Parametros:  100;5;2;2511 
Parametros:  100;5;3;2511 
Parametros:  100;5;4;2511 
Parametros:  100;5;5;2511 
Parametros:  100;5;6;2511 
Parametros:  100;5;7;2511 
Parametros:  100;5;8;2511 
Parametros:  100;5;0;9396 
Parametros:  100;5;1;9396 
Parametros:  100;5;2;9396 
Parametros:  100;5;3;9396 
Parametros:  100;5;4;9396 
Parametros:  100;5;5;9396 
Parametros:  100;5;6;9396 
Parametros:  100;5;7;9396 
Parametros:  100;5;8;9396 
Parametros:  100;5;0;11792 
Parametros:  100;5;1;11792 
Parametros:  100;5;2;11792 
Parametros:  100;5;3;11792 
Parametros:  100;5;4;11792 
Parametros:  100;5;5;11792 
Parametros:  100;5;6;11792 
Parametros:  100;5;7;11792 
Parametros:  100;5;8;11792 
Parametros:  100;10;0;107 
Parametros:  100;10;1;107 
Parametros:  100;10;2;107 
Parametros:  100;10;3;107 
Parametros:  100;10;4;107 
Parametros:  100;10;5;107 
Parametros:  100;10;6;107 
Parametros:  100;10;7;107 
Parametros:  100;10;8;107 
Parametros:  100;10;0;126 
Parametros:  100;10;1;126 
Parametros:  100;10;2;126 
Parametros:  100;10;3;126 
Parametros:  100;10;4;126 
Parametros:  100;10;5;126 
Parametros:  100;10;6;126 
Parametros:  100;10;7;126 
Parametros:  100;10;8;126 
Parametros:  100;10;0;149 
Parametros:  100;10;1;149 
Parametros:  100;10;2;149 
Parametros:  100;10;3;149 
Parametros:  100;10;4;149 
Parametros:  100;10;5;149 
Parametros:  100;10;6;149 
Parametros:  100;10;7;149 
Parametros:  100;10;8;149 
Parametros:  100;10;0;182 
Parametros:  100;10;1;182 
Parametros:  100;10;2;182 
Parametros:  100;10;3;182 
Parametros:  100;10;4;182 
Parametros:  100;10;5;182 
Parametros:  100;10;6;182 
Parametros:  100;10;7;182 
Parametros:  100;10;8;182 
Parametros:  100;10;0;233 
Parametros:  100;10;1;233 
Parametros:  100;10;2;233 
Parametros:  100;10;3;233 
Parametros:  100;10;4;233 
Parametros:  100;10;5;233 
Parametros:  100;10;6;233 
Parametros:  100;10;7;233 
Parametros:  100;10;8;233 
Parametros:  100;10;0;242 
Parametros:  100;10;1;242 
Parametros:  100;10;2;242 
Parametros:  100;10;3;242 
Parametros:  100;10;4;242 
Parametros:  100;10;5;242 
Parametros:  100;10;6;242 
Parametros:  100;10;7;242 
Parametros:  100;10;8;242 
Parametros:  100;10;0;261 
Parametros:  100;10;1;261 
Parametros:  100;10;2;261 
Parametros:  100;10;3;261 
Parametros:  100;10;4;261 
Parametros:  100;10;5;261 
Parametros:  100;10;6;261 
Parametros:  100;10;7;261 
Parametros:  100;10;8;261 
Parametros:  100;10;0;265 
Parametros:  100;10;1;265 
Parametros:  100;10;2;265 
Parametros:  100;10;3;265 
Parametros:  100;10;4;265 
Parametros:  100;10;5;265 
Parametros:  100;10;6;265 
Parametros:  100;10;7;265 
Parametros:  100;10;8;265 
Parametros:  100;10;0;301 
Parametros:  100;10;1;301 
Parametros:  100;10;2;301 
Parametros:  100;10;3;301 
Parametros:  100;10;4;301 
Parametros:  100;10;5;301 
Parametros:  100;10;6;301 
Parametros:  100;10;7;301 
Parametros:  100;10;8;301 
Parametros:  100;10;0;379 
Parametros:  100;10;1;379 
Parametros:  100;10;2;379 
Parametros:  100;10;3;379 
Parametros:  100;10;4;379 
Parametros:  100;10;5;379 
Parametros:  100;10;6;379 
Parametros:  100;10;7;379 
Parametros:  100;10;8;379 
Parametros:  100;10;0;662 
Parametros:  100;10;1;662 
Parametros:  100;10;2;662 
Parametros:  100;10;3;662 
Parametros:  100;10;4;662 
Parametros:  100;10;5;662 
Parametros:  100;10;6;662 
Parametros:  100;10;7;662 
Parametros:  100;10;8;662 
Parametros:  100;10;0;684 
Parametros:  100;10;1;684 
Parametros:  100;10;2;684 
Parametros:  100;10;3;684 
Parametros:  100;10;4;684 
Parametros:  100;10;5;684 
Parametros:  100;10;6;684 
Parametros:  100;10;7;684 
Parametros:  100;10;8;684 
Parametros:  100;10;0;702 
Parametros:  100;10;1;702 
Parametros:  100;10;2;702 
Parametros:  100;10;3;702 
Parametros:  100;10;4;702 
Parametros:  100;10;5;702 
Parametros:  100;10;6;702 
Parametros:  100;10;7;702 
Parametros:  100;10;8;702 
Parametros:  100;10;0;814 
Parametros:  100;10;1;814 
Parametros:  100;10;2;814 
Parametros:  100;10;3;814 
Parametros:  100;10;4;814 
Parametros:  100;10;5;814 
Parametros:  100;10;6;814 
Parametros:  100;10;7;814 
Parametros:  100;10;8;814 
Parametros:  100;10;0;888 
Parametros:  100;10;1;888 
Parametros:  100;10;2;888 
Parametros:  100;10;3;888 
Parametros:  100;10;4;888 
Parametros:  100;10;5;888 
Parametros:  100;10;6;888 
Parametros:  100;10;7;888 
Parametros:  100;10;8;888 
Parametros:  100;10;0;1165 
Parametros:  100;10;1;1165 
Parametros:  100;10;2;1165 
Parametros:  100;10;3;1165 
Parametros:  100;10;4;1165 
Parametros:  100;10;5;1165 
Parametros:  100;10;6;1165 
Parametros:  100;10;7;1165 
Parametros:  100;10;8;1165 
Parametros:  100;10;0;2012 
Parametros:  100;10;1;2012 
Parametros:  100;10;2;2012 
Parametros:  100;10;3;2012 
Parametros:  100;10;4;2012 
Parametros:  100;10;5;2012 
Parametros:  100;10;6;2012 
Parametros:  100;10;7;2012 
Parametros:  100;10;8;2012 
Parametros:  100;10;0;2511 
Parametros:  100;10;1;2511 
Parametros:  100;10;2;2511 
Parametros:  100;10;3;2511 
Parametros:  100;10;4;2511 
Parametros:  100;10;5;2511 
Parametros:  100;10;6;2511 
Parametros:  100;10;7;2511 
Parametros:  100;10;8;2511 
Parametros:  100;10;0;9396 
Parametros:  100;10;1;9396 
Parametros:  100;10;2;9396 
Parametros:  100;10;3;9396 
Parametros:  100;10;4;9396 
Parametros:  100;10;5;9396 
Parametros:  100;10;6;9396 
Parametros:  100;10;7;9396 
Parametros:  100;10;8;9396 
Parametros:  100;10;0;11792 
Parametros:  100;10;1;11792 
Parametros:  100;10;2;11792 
Parametros:  100;10;3;11792 
Parametros:  100;10;4;11792 
Parametros:  100;10;5;11792 
Parametros:  100;10;6;11792 
Parametros:  100;10;7;11792 
Parametros:  100;10;8;11792 
Parametros:  100;20;0;107 
Parametros:  100;20;1;107 
Parametros:  100;20;2;107 
Parametros:  100;20;3;107 
Parametros:  100;20;4;107 
Parametros:  100;20;5;107 
Parametros:  100;20;6;107 
Parametros:  100;20;7;107 
Parametros:  100;20;8;107 
Parametros:  100;20;0;126 
Parametros:  100;20;1;126 
Parametros:  100;20;2;126 
Parametros:  100;20;3;126 
Parametros:  100;20;4;126 
Parametros:  100;20;5;126 
Parametros:  100;20;6;126 
Parametros:  100;20;7;126 
Parametros:  100;20;8;126 
Parametros:  100;20;0;149 
Parametros:  100;20;1;149 
Parametros:  100;20;2;149 
Parametros:  100;20;3;149 
Parametros:  100;20;4;149 
Parametros:  100;20;5;149 
Parametros:  100;20;6;149 
Parametros:  100;20;7;149 
Parametros:  100;20;8;149 
Parametros:  100;20;0;182 
Parametros:  100;20;1;182 
Parametros:  100;20;2;182 
Parametros:  100;20;3;182 
Parametros:  100;20;4;182 
Parametros:  100;20;5;182 
Parametros:  100;20;6;182 
Parametros:  100;20;7;182 
Parametros:  100;20;8;182 
Parametros:  100;20;0;233 
Parametros:  100;20;1;233 
Parametros:  100;20;2;233 
Parametros:  100;20;3;233 
Parametros:  100;20;4;233 
Parametros:  100;20;5;233 
Parametros:  100;20;6;233 
Parametros:  100;20;7;233 
Parametros:  100;20;8;233 
Parametros:  100;20;0;242 
Parametros:  100;20;1;242 
Parametros:  100;20;2;242 
Parametros:  100;20;3;242 
Parametros:  100;20;4;242 
Parametros:  100;20;5;242 
Parametros:  100;20;6;242 
Parametros:  100;20;7;242 
Parametros:  100;20;8;242 
Parametros:  100;20;0;261 
Parametros:  100;20;1;261 
Parametros:  100;20;2;261 
Parametros:  100;20;3;261 
Parametros:  100;20;4;261 
Parametros:  100;20;5;261 
Parametros:  100;20;6;261 
Parametros:  100;20;7;261 
Parametros:  100;20;8;261 
Parametros:  100;20;0;265 
Parametros:  100;20;1;265 
Parametros:  100;20;2;265 
Parametros:  100;20;3;265 
Parametros:  100;20;4;265 
Parametros:  100;20;5;265 
Parametros:  100;20;6;265 
Parametros:  100;20;7;265 
Parametros:  100;20;8;265 
Parametros:  100;20;0;301 
Parametros:  100;20;1;301 
Parametros:  100;20;2;301 
Parametros:  100;20;3;301 
Parametros:  100;20;4;301 
Parametros:  100;20;5;301 
Parametros:  100;20;6;301 
Parametros:  100;20;7;301 
Parametros:  100;20;8;301 
Parametros:  100;20;0;379 
Parametros:  100;20;1;379 
Parametros:  100;20;2;379 
Parametros:  100;20;3;379 
Parametros:  100;20;4;379 
Parametros:  100;20;5;379 
Parametros:  100;20;6;379 
Parametros:  100;20;7;379 
Parametros:  100;20;8;379 
Parametros:  100;20;0;662 
Parametros:  100;20;1;662 
Parametros:  100;20;2;662 
Parametros:  100;20;3;662 
Parametros:  100;20;4;662 
Parametros:  100;20;5;662 
Parametros:  100;20;6;662 
Parametros:  100;20;7;662 
Parametros:  100;20;8;662 
Parametros:  100;20;0;684 
Parametros:  100;20;1;684 
Parametros:  100;20;2;684 
Parametros:  100;20;3;684 
Parametros:  100;20;4;684 
Parametros:  100;20;5;684 
Parametros:  100;20;6;684 
Parametros:  100;20;7;684 
Parametros:  100;20;8;684 
Parametros:  100;20;0;702 
Parametros:  100;20;1;702 
Parametros:  100;20;2;702 
Parametros:  100;20;3;702 
Parametros:  100;20;4;702 
Parametros:  100;20;5;702 
Parametros:  100;20;6;702 
Parametros:  100;20;7;702 
Parametros:  100;20;8;702 
Parametros:  100;20;0;814 
Parametros:  100;20;1;814 
Parametros:  100;20;2;814 
Parametros:  100;20;3;814 
Parametros:  100;20;4;814 
Parametros:  100;20;5;814 
Parametros:  100;20;6;814 
Parametros:  100;20;7;814 
Parametros:  100;20;8;814 
Parametros:  100;20;0;888 
Parametros:  100;20;1;888 
Parametros:  100;20;2;888 
Parametros:  100;20;3;888 
Parametros:  100;20;4;888 
Parametros:  100;20;5;888 
Parametros:  100;20;6;888 
Parametros:  100;20;7;888 
Parametros:  100;20;8;888 
Parametros:  100;20;0;1165 
Parametros:  100;20;1;1165 
Parametros:  100;20;2;1165 
Parametros:  100;20;3;1165 
Parametros:  100;20;4;1165 
Parametros:  100;20;5;1165 
Parametros:  100;20;6;1165 
Parametros:  100;20;7;1165 
Parametros:  100;20;8;1165 
Parametros:  100;20;0;2012 
Parametros:  100;20;1;2012 
Parametros:  100;20;2;2012 
Parametros:  100;20;3;2012 
Parametros:  100;20;4;2012 
Parametros:  100;20;5;2012 
Parametros:  100;20;6;2012 
Parametros:  100;20;7;2012 
Parametros:  100;20;8;2012 
Parametros:  100;20;0;2511 
Parametros:  100;20;1;2511 
Parametros:  100;20;2;2511 
Parametros:  100;20;3;2511 
Parametros:  100;20;4;2511 
Parametros:  100;20;5;2511 
Parametros:  100;20;6;2511 
Parametros:  100;20;7;2511 
Parametros:  100;20;8;2511 
Parametros:  100;20;0;9396 
Parametros:  100;20;1;9396 
Parametros:  100;20;2;9396 
Parametros:  100;20;3;9396 
Parametros:  100;20;4;9396 
Parametros:  100;20;5;9396 
Parametros:  100;20;6;9396 
Parametros:  100;20;7;9396 
Parametros:  100;20;8;9396 
Parametros:  100;20;0;11792 
Parametros:  100;20;1;11792 
Parametros:  100;20;2;11792 
Parametros:  100;20;3;11792 
Parametros:  100;20;4;11792 
Parametros:  100;20;5;11792 
Parametros:  100;20;6;11792 
Parametros:  100;20;7;11792 
Parametros:  100;20;8;11792 
Parametros:  100;50;0;107 
Parametros:  100;50;1;107 
Parametros:  100;50;2;107 
Parametros:  100;50;3;107 
Parametros:  100;50;4;107 
Parametros:  100;50;5;107 
Parametros:  100;50;6;107 
Parametros:  100;50;7;107 
Parametros:  100;50;8;107 
Parametros:  100;50;0;126 
Parametros:  100;50;1;126 
Parametros:  100;50;2;126 
Parametros:  100;50;3;126 
Parametros:  100;50;4;126 
Parametros:  100;50;5;126 
Parametros:  100;50;6;126 
Parametros:  100;50;7;126 
Parametros:  100;50;8;126 
Parametros:  100;50;0;149 
Parametros:  100;50;1;149 
Parametros:  100;50;2;149 
Parametros:  100;50;3;149 
Parametros:  100;50;4;149 
Parametros:  100;50;5;149 
Parametros:  100;50;6;149 
Parametros:  100;50;7;149 
Parametros:  100;50;8;149 
Parametros:  100;50;0;182 
Parametros:  100;50;1;182 
Parametros:  100;50;2;182 
Parametros:  100;50;3;182 
Parametros:  100;50;4;182 
Parametros:  100;50;5;182 
Parametros:  100;50;6;182 
Parametros:  100;50;7;182 
Parametros:  100;50;8;182 
Parametros:  100;50;0;233 
Parametros:  100;50;1;233 
Parametros:  100;50;2;233 
Parametros:  100;50;3;233 
Parametros:  100;50;4;233 
Parametros:  100;50;5;233 
Parametros:  100;50;6;233 
Parametros:  100;50;7;233 
Parametros:  100;50;8;233 
Parametros:  100;50;0;242 
Parametros:  100;50;1;242 
Parametros:  100;50;2;242 
Parametros:  100;50;3;242 
Parametros:  100;50;4;242 
Parametros:  100;50;5;242 
Parametros:  100;50;6;242 
Parametros:  100;50;7;242 
Parametros:  100;50;8;242 
Parametros:  100;50;0;261 
Parametros:  100;50;1;261 
Parametros:  100;50;2;261 
Parametros:  100;50;3;261 
Parametros:  100;50;4;261 
Parametros:  100;50;5;261 
Parametros:  100;50;6;261 
Parametros:  100;50;7;261 
Parametros:  100;50;8;261 
Parametros:  100;50;0;265 
Parametros:  100;50;1;265 
Parametros:  100;50;2;265 
Parametros:  100;50;3;265 
Parametros:  100;50;4;265 
Parametros:  100;50;5;265 
Parametros:  100;50;6;265 
Parametros:  100;50;7;265 
Parametros:  100;50;8;265 
Parametros:  100;50;0;301 
Parametros:  100;50;1;301 
Parametros:  100;50;2;301 
Parametros:  100;50;3;301 
Parametros:  100;50;4;301 
Parametros:  100;50;5;301 
Parametros:  100;50;6;301 
Parametros:  100;50;7;301 
Parametros:  100;50;8;301 
Parametros:  100;50;0;379 
Parametros:  100;50;1;379 
Parametros:  100;50;2;379 
Parametros:  100;50;3;379 
Parametros:  100;50;4;379 
Parametros:  100;50;5;379 
Parametros:  100;50;6;379 
Parametros:  100;50;7;379 
Parametros:  100;50;8;379 
Parametros:  100;50;0;662 
Parametros:  100;50;1;662 
Parametros:  100;50;2;662 
Parametros:  100;50;3;662 
Parametros:  100;50;4;662 
Parametros:  100;50;5;662 
Parametros:  100;50;6;662 
Parametros:  100;50;7;662 
Parametros:  100;50;8;662 
Parametros:  100;50;0;684 
Parametros:  100;50;1;684 
Parametros:  100;50;2;684 
Parametros:  100;50;3;684 
Parametros:  100;50;4;684 
Parametros:  100;50;5;684 
Parametros:  100;50;6;684 
Parametros:  100;50;7;684 
Parametros:  100;50;8;684 
Parametros:  100;50;0;702 
Parametros:  100;50;1;702 
Parametros:  100;50;2;702 
Parametros:  100;50;3;702 
Parametros:  100;50;4;702 
Parametros:  100;50;5;702 
Parametros:  100;50;6;702 
Parametros:  100;50;7;702 
Parametros:  100;50;8;702 
Parametros:  100;50;0;814 
Parametros:  100;50;1;814 
Parametros:  100;50;2;814 
Parametros:  100;50;3;814 
Parametros:  100;50;4;814 
Parametros:  100;50;5;814 
Parametros:  100;50;6;814 
Parametros:  100;50;7;814 
Parametros:  100;50;8;814 
Parametros:  100;50;0;888 
Parametros:  100;50;1;888 
Parametros:  100;50;2;888 
Parametros:  100;50;3;888 
Parametros:  100;50;4;888 
Parametros:  100;50;5;888 
Parametros:  100;50;6;888 
Parametros:  100;50;7;888 
Parametros:  100;50;8;888 
Parametros:  100;50;0;1165 
Parametros:  100;50;1;1165 
Parametros:  100;50;2;1165 
Parametros:  100;50;3;1165 
Parametros:  100;50;4;1165 
Parametros:  100;50;5;1165 
Parametros:  100;50;6;1165 
Parametros:  100;50;7;1165 
Parametros:  100;50;8;1165 
Parametros:  100;50;0;2012 
Parametros:  100;50;1;2012 
Parametros:  100;50;2;2012 
Parametros:  100;50;3;2012 
Parametros:  100;50;4;2012 
Parametros:  100;50;5;2012 
Parametros:  100;50;6;2012 
Parametros:  100;50;7;2012 
Parametros:  100;50;8;2012 
Parametros:  100;50;0;2511 
Parametros:  100;50;1;2511 
Parametros:  100;50;2;2511 
Parametros:  100;50;3;2511 
Parametros:  100;50;4;2511 
Parametros:  100;50;5;2511 
Parametros:  100;50;6;2511 
Parametros:  100;50;7;2511 
Parametros:  100;50;8;2511 
Parametros:  100;50;0;9396 
Parametros:  100;50;1;9396 
Parametros:  100;50;2;9396 
Parametros:  100;50;3;9396 
Parametros:  100;50;4;9396 
Parametros:  100;50;5;9396 
Parametros:  100;50;6;9396 
Parametros:  100;50;7;9396 
Parametros:  100;50;8;9396 
Parametros:  100;50;0;11792 
Parametros:  100;50;1;11792 
Parametros:  100;50;2;11792 
Parametros:  100;50;3;11792 
Parametros:  100;50;4;11792 
Parametros:  100;50;5;11792 
Parametros:  100;50;6;11792 
Parametros:  100;50;7;11792 
Parametros:  100;50;8;11792 
Parametros:  1000;5;0;107 
Parametros:  1000;5;1;107 
Parametros:  1000;5;2;107 
Parametros:  1000;5;3;107 
Parametros:  1000;5;4;107 
Parametros:  1000;5;5;107 
Parametros:  1000;5;6;107 
Parametros:  1000;5;7;107 
Parametros:  1000;5;8;107 
Parametros:  1000;5;0;126 
Parametros:  1000;5;1;126 
Parametros:  1000;5;2;126 
Parametros:  1000;5;3;126 
Parametros:  1000;5;4;126 
Parametros:  1000;5;5;126 
Parametros:  1000;5;6;126 
Parametros:  1000;5;7;126 
Parametros:  1000;5;8;126 
Parametros:  1000;5;0;149 
Parametros:  1000;5;1;149 
Parametros:  1000;5;2;149 
Parametros:  1000;5;3;149 
Parametros:  1000;5;4;149 
Parametros:  1000;5;5;149 
Parametros:  1000;5;6;149 
Parametros:  1000;5;7;149 
Parametros:  1000;5;8;149 
Parametros:  1000;5;0;182 
Parametros:  1000;5;1;182 
Parametros:  1000;5;2;182 
Parametros:  1000;5;3;182 
Parametros:  1000;5;4;182 
Parametros:  1000;5;5;182 
Parametros:  1000;5;6;182 
Parametros:  1000;5;7;182 
Parametros:  1000;5;8;182 
Parametros:  1000;5;0;233 
Parametros:  1000;5;1;233 
Parametros:  1000;5;2;233 
Parametros:  1000;5;3;233 
Parametros:  1000;5;4;233 
Parametros:  1000;5;5;233 
Parametros:  1000;5;6;233 
Parametros:  1000;5;7;233 
Parametros:  1000;5;8;233 
Parametros:  1000;5;0;242 
Parametros:  1000;5;1;242 
Parametros:  1000;5;2;242 
Parametros:  1000;5;3;242 
Parametros:  1000;5;4;242 
Parametros:  1000;5;5;242 
Parametros:  1000;5;6;242 
Parametros:  1000;5;7;242 
Parametros:  1000;5;8;242 
Parametros:  1000;5;0;261 
Parametros:  1000;5;1;261 
Parametros:  1000;5;2;261 
Parametros:  1000;5;3;261 
Parametros:  1000;5;4;261 
Parametros:  1000;5;5;261 
Parametros:  1000;5;6;261 
Parametros:  1000;5;7;261 
Parametros:  1000;5;8;261 
Parametros:  1000;5;0;265 
Parametros:  1000;5;1;265 
Parametros:  1000;5;2;265 
Parametros:  1000;5;3;265 
Parametros:  1000;5;4;265 
Parametros:  1000;5;5;265 
Parametros:  1000;5;6;265 
Parametros:  1000;5;7;265 
Parametros:  1000;5;8;265 
Parametros:  1000;5;0;301 
Parametros:  1000;5;1;301 
Parametros:  1000;5;2;301 
Parametros:  1000;5;3;301 
Parametros:  1000;5;4;301 
Parametros:  1000;5;5;301 
Parametros:  1000;5;6;301 
Parametros:  1000;5;7;301 
Parametros:  1000;5;8;301 
Parametros:  1000;5;0;379 
Parametros:  1000;5;1;379 
Parametros:  1000;5;2;379 
Parametros:  1000;5;3;379 
Parametros:  1000;5;4;379 
Parametros:  1000;5;5;379 
Parametros:  1000;5;6;379 
Parametros:  1000;5;7;379 
Parametros:  1000;5;8;379 
Parametros:  1000;5;0;662 
Parametros:  1000;5;1;662 
Parametros:  1000;5;2;662 
Parametros:  1000;5;3;662 
Parametros:  1000;5;4;662 
Parametros:  1000;5;5;662 
Parametros:  1000;5;6;662 
Parametros:  1000;5;7;662 
Parametros:  1000;5;8;662 
Parametros:  1000;5;0;684 
Parametros:  1000;5;1;684 
Parametros:  1000;5;2;684 
Parametros:  1000;5;3;684 
Parametros:  1000;5;4;684 
Parametros:  1000;5;5;684 
Parametros:  1000;5;6;684 
Parametros:  1000;5;7;684 
Parametros:  1000;5;8;684 
Parametros:  1000;5;0;702 
Parametros:  1000;5;1;702 
Parametros:  1000;5;2;702 
Parametros:  1000;5;3;702 
Parametros:  1000;5;4;702 
Parametros:  1000;5;5;702 
Parametros:  1000;5;6;702 
Parametros:  1000;5;7;702 
Parametros:  1000;5;8;702 
Parametros:  1000;5;0;814 
Parametros:  1000;5;1;814 
Parametros:  1000;5;2;814 
Parametros:  1000;5;3;814 
Parametros:  1000;5;4;814 
Parametros:  1000;5;5;814 
Parametros:  1000;5;6;814 
Parametros:  1000;5;7;814 
Parametros:  1000;5;8;814 
Parametros:  1000;5;0;888 
Parametros:  1000;5;1;888 
Parametros:  1000;5;2;888 
Parametros:  1000;5;3;888 
Parametros:  1000;5;4;888 
Parametros:  1000;5;5;888 
Parametros:  1000;5;6;888 
Parametros:  1000;5;7;888 
Parametros:  1000;5;8;888 
Parametros:  1000;5;0;1165 
Parametros:  1000;5;1;1165 
Parametros:  1000;5;2;1165 
Parametros:  1000;5;3;1165 
Parametros:  1000;5;4;1165 
Parametros:  1000;5;5;1165 
Parametros:  1000;5;6;1165 
Parametros:  1000;5;7;1165 
Parametros:  1000;5;8;1165 
Parametros:  1000;5;0;2012 
Parametros:  1000;5;1;2012 
Parametros:  1000;5;2;2012 
Parametros:  1000;5;3;2012 
Parametros:  1000;5;4;2012 
Parametros:  1000;5;5;2012 
Parametros:  1000;5;6;2012 
Parametros:  1000;5;7;2012 
Parametros:  1000;5;8;2012 
Parametros:  1000;5;0;2511 
Parametros:  1000;5;1;2511 
Parametros:  1000;5;2;2511 
Parametros:  1000;5;3;2511 
Parametros:  1000;5;4;2511 
Parametros:  1000;5;5;2511 
Parametros:  1000;5;6;2511 
Parametros:  1000;5;7;2511 
Parametros:  1000;5;8;2511 
Parametros:  1000;5;0;9396 
Parametros:  1000;5;1;9396 
Parametros:  1000;5;2;9396 
Parametros:  1000;5;3;9396 
Parametros:  1000;5;4;9396 
Parametros:  1000;5;5;9396 
Parametros:  1000;5;6;9396 
Parametros:  1000;5;7;9396 
Parametros:  1000;5;8;9396 
Parametros:  1000;5;0;11792 
Parametros:  1000;5;1;11792 
Parametros:  1000;5;2;11792 
Parametros:  1000;5;3;11792 
Parametros:  1000;5;4;11792 
Parametros:  1000;5;5;11792 
Parametros:  1000;5;6;11792 
Parametros:  1000;5;7;11792 
Parametros:  1000;5;8;11792 
Parametros:  1000;10;0;107 
Parametros:  1000;10;1;107 
Parametros:  1000;10;2;107 
Parametros:  1000;10;3;107 
Parametros:  1000;10;4;107 
Parametros:  1000;10;5;107 
Parametros:  1000;10;6;107 
Parametros:  1000;10;7;107 
Parametros:  1000;10;8;107 
Parametros:  1000;10;0;126 
Parametros:  1000;10;1;126 
Parametros:  1000;10;2;126 
Parametros:  1000;10;3;126 
Parametros:  1000;10;4;126 
Parametros:  1000;10;5;126 
Parametros:  1000;10;6;126 
Parametros:  1000;10;7;126 
Parametros:  1000;10;8;126 
Parametros:  1000;10;0;149 
Parametros:  1000;10;1;149 
Parametros:  1000;10;2;149 
Parametros:  1000;10;3;149 
Parametros:  1000;10;4;149 
Parametros:  1000;10;5;149 
Parametros:  1000;10;6;149 
Parametros:  1000;10;7;149 
Parametros:  1000;10;8;149 
Parametros:  1000;10;0;182 
Parametros:  1000;10;1;182 
Parametros:  1000;10;2;182 
Parametros:  1000;10;3;182 
Parametros:  1000;10;4;182 
Parametros:  1000;10;5;182 
Parametros:  1000;10;6;182 
Parametros:  1000;10;7;182 
Parametros:  1000;10;8;182 
Parametros:  1000;10;0;233 
Parametros:  1000;10;1;233 
Parametros:  1000;10;2;233 
Parametros:  1000;10;3;233 
Parametros:  1000;10;4;233 
Parametros:  1000;10;5;233 
Parametros:  1000;10;6;233 
Parametros:  1000;10;7;233 
Parametros:  1000;10;8;233 
Parametros:  1000;10;0;242 
Parametros:  1000;10;1;242 
Parametros:  1000;10;2;242 
Parametros:  1000;10;3;242 
Parametros:  1000;10;4;242 
Parametros:  1000;10;5;242 
Parametros:  1000;10;6;242 
Parametros:  1000;10;7;242 
Parametros:  1000;10;8;242 
Parametros:  1000;10;0;261 
Parametros:  1000;10;1;261 
Parametros:  1000;10;2;261 
Parametros:  1000;10;3;261 
Parametros:  1000;10;4;261 
Parametros:  1000;10;5;261 
Parametros:  1000;10;6;261 
Parametros:  1000;10;7;261 
Parametros:  1000;10;8;261 
Parametros:  1000;10;0;265 
Parametros:  1000;10;1;265 
Parametros:  1000;10;2;265 
Parametros:  1000;10;3;265 
Parametros:  1000;10;4;265 
Parametros:  1000;10;5;265 
Parametros:  1000;10;6;265 
Parametros:  1000;10;7;265 
Parametros:  1000;10;8;265 
Parametros:  1000;10;0;301 
Parametros:  1000;10;1;301 
Parametros:  1000;10;2;301 
Parametros:  1000;10;3;301 
Parametros:  1000;10;4;301 
Parametros:  1000;10;5;301 
Parametros:  1000;10;6;301 
Parametros:  1000;10;7;301 
Parametros:  1000;10;8;301 
Parametros:  1000;10;0;379 
Parametros:  1000;10;1;379 
Parametros:  1000;10;2;379 
Parametros:  1000;10;3;379 
Parametros:  1000;10;4;379 
Parametros:  1000;10;5;379 
Parametros:  1000;10;6;379 
Parametros:  1000;10;7;379 
Parametros:  1000;10;8;379 
Parametros:  1000;10;0;662 
Parametros:  1000;10;1;662 
Parametros:  1000;10;2;662 
Parametros:  1000;10;3;662 
Parametros:  1000;10;4;662 
Parametros:  1000;10;5;662 
Parametros:  1000;10;6;662 
Parametros:  1000;10;7;662 
Parametros:  1000;10;8;662 
Parametros:  1000;10;0;684 
Parametros:  1000;10;1;684 
Parametros:  1000;10;2;684 
Parametros:  1000;10;3;684 
Parametros:  1000;10;4;684 
Parametros:  1000;10;5;684 
Parametros:  1000;10;6;684 
Parametros:  1000;10;7;684 
Parametros:  1000;10;8;684 
Parametros:  1000;10;0;702 
Parametros:  1000;10;1;702 
Parametros:  1000;10;2;702 
Parametros:  1000;10;3;702 
Parametros:  1000;10;4;702 
Parametros:  1000;10;5;702 
Parametros:  1000;10;6;702 
Parametros:  1000;10;7;702 
Parametros:  1000;10;8;702 
Parametros:  1000;10;0;814 
Parametros:  1000;10;1;814 
Parametros:  1000;10;2;814 
Parametros:  1000;10;3;814 
Parametros:  1000;10;4;814 
Parametros:  1000;10;5;814 
Parametros:  1000;10;6;814 
Parametros:  1000;10;7;814 
Parametros:  1000;10;8;814 
Parametros:  1000;10;0;888 
Parametros:  1000;10;1;888 
Parametros:  1000;10;2;888 
Parametros:  1000;10;3;888 
Parametros:  1000;10;4;888 
Parametros:  1000;10;5;888 
Parametros:  1000;10;6;888 
Parametros:  1000;10;7;888 
Parametros:  1000;10;8;888 
Parametros:  1000;10;0;1165 
Parametros:  1000;10;1;1165 
Parametros:  1000;10;2;1165 
Parametros:  1000;10;3;1165 
Parametros:  1000;10;4;1165 
Parametros:  1000;10;5;1165 
Parametros:  1000;10;6;1165 
Parametros:  1000;10;7;1165 
Parametros:  1000;10;8;1165 
Parametros:  1000;10;0;2012 
Parametros:  1000;10;1;2012 
Parametros:  1000;10;2;2012 
Parametros:  1000;10;3;2012 
Parametros:  1000;10;4;2012 
Parametros:  1000;10;5;2012 
Parametros:  1000;10;6;2012 
Parametros:  1000;10;7;2012 
Parametros:  1000;10;8;2012 
Parametros:  1000;10;0;2511 
Parametros:  1000;10;1;2511 
Parametros:  1000;10;2;2511 
Parametros:  1000;10;3;2511 
Parametros:  1000;10;4;2511 
Parametros:  1000;10;5;2511 
Parametros:  1000;10;6;2511 
Parametros:  1000;10;7;2511 
Parametros:  1000;10;8;2511 
Parametros:  1000;10;0;9396 
Parametros:  1000;10;1;9396 
Parametros:  1000;10;2;9396 
Parametros:  1000;10;3;9396 
Parametros:  1000;10;4;9396 
Parametros:  1000;10;5;9396 
Parametros:  1000;10;6;9396 
Parametros:  1000;10;7;9396 
Parametros:  1000;10;8;9396 
Parametros:  1000;10;0;11792 
Parametros:  1000;10;1;11792 
Parametros:  1000;10;2;11792 
Parametros:  1000;10;3;11792 
Parametros:  1000;10;4;11792 
Parametros:  1000;10;5;11792 
Parametros:  1000;10;6;11792 
Parametros:  1000;10;7;11792 
Parametros:  1000;10;8;11792 
Parametros:  1000;20;0;107 
Parametros:  1000;20;1;107 
Parametros:  1000;20;2;107 
Parametros:  1000;20;3;107 
Parametros:  1000;20;4;107 
Parametros:  1000;20;5;107 
Parametros:  1000;20;6;107 
Parametros:  1000;20;7;107 
Parametros:  1000;20;8;107 
Parametros:  1000;20;0;126 
Parametros:  1000;20;1;126 
Parametros:  1000;20;2;126 
Parametros:  1000;20;3;126 
Parametros:  1000;20;4;126 
Parametros:  1000;20;5;126 
Parametros:  1000;20;6;126 
Parametros:  1000;20;7;126 
Parametros:  1000;20;8;126 
Parametros:  1000;20;0;149 
Parametros:  1000;20;1;149 
Parametros:  1000;20;2;149 
Parametros:  1000;20;3;149 
Parametros:  1000;20;4;149 
Parametros:  1000;20;5;149 
Parametros:  1000;20;6;149 
Parametros:  1000;20;7;149 
Parametros:  1000;20;8;149 
Parametros:  1000;20;0;182 
Parametros:  1000;20;1;182 
Parametros:  1000;20;2;182 
Parametros:  1000;20;3;182 
Parametros:  1000;20;4;182 
Parametros:  1000;20;5;182 
Parametros:  1000;20;6;182 
Parametros:  1000;20;7;182 
Parametros:  1000;20;8;182 
Parametros:  1000;20;0;233 
Parametros:  1000;20;1;233 
Parametros:  1000;20;2;233 
Parametros:  1000;20;3;233 
Parametros:  1000;20;4;233 
Parametros:  1000;20;5;233 
Parametros:  1000;20;6;233 
Parametros:  1000;20;7;233 
Parametros:  1000;20;8;233 
Parametros:  1000;20;0;242 
Parametros:  1000;20;1;242 
Parametros:  1000;20;2;242 
Parametros:  1000;20;3;242 
Parametros:  1000;20;4;242 
Parametros:  1000;20;5;242 
Parametros:  1000;20;6;242 
Parametros:  1000;20;7;242 
Parametros:  1000;20;8;242 
Parametros:  1000;20;0;261 
Parametros:  1000;20;1;261 
Parametros:  1000;20;2;261 
Parametros:  1000;20;3;261 
Parametros:  1000;20;4;261 
Parametros:  1000;20;5;261 
Parametros:  1000;20;6;261 
Parametros:  1000;20;7;261 
Parametros:  1000;20;8;261 
Parametros:  1000;20;0;265 
Parametros:  1000;20;1;265 
Parametros:  1000;20;2;265 
Parametros:  1000;20;3;265 
Parametros:  1000;20;4;265 
Parametros:  1000;20;5;265 
Parametros:  1000;20;6;265 
Parametros:  1000;20;7;265 
Parametros:  1000;20;8;265 
Parametros:  1000;20;0;301 
Parametros:  1000;20;1;301 
Parametros:  1000;20;2;301 
Parametros:  1000;20;3;301 
Parametros:  1000;20;4;301 
Parametros:  1000;20;5;301 
Parametros:  1000;20;6;301 
Parametros:  1000;20;7;301 
Parametros:  1000;20;8;301 
Parametros:  1000;20;0;379 
Parametros:  1000;20;1;379 
Parametros:  1000;20;2;379 
Parametros:  1000;20;3;379 
Parametros:  1000;20;4;379 
Parametros:  1000;20;5;379 
Parametros:  1000;20;6;379 
Parametros:  1000;20;7;379 
Parametros:  1000;20;8;379 
Parametros:  1000;20;0;662 
Parametros:  1000;20;1;662 
Parametros:  1000;20;2;662 
Parametros:  1000;20;3;662 
Parametros:  1000;20;4;662 
Parametros:  1000;20;5;662 
Parametros:  1000;20;6;662 
Parametros:  1000;20;7;662 
Parametros:  1000;20;8;662 
Parametros:  1000;20;0;684 
Parametros:  1000;20;1;684 
Parametros:  1000;20;2;684 
Parametros:  1000;20;3;684 
Parametros:  1000;20;4;684 
Parametros:  1000;20;5;684 
Parametros:  1000;20;6;684 
Parametros:  1000;20;7;684 
Parametros:  1000;20;8;684 
Parametros:  1000;20;0;702 
Parametros:  1000;20;1;702 
Parametros:  1000;20;2;702 
Parametros:  1000;20;3;702 
Parametros:  1000;20;4;702 
Parametros:  1000;20;5;702 
Parametros:  1000;20;6;702 
Parametros:  1000;20;7;702 
Parametros:  1000;20;8;702 
Parametros:  1000;20;0;814 
Parametros:  1000;20;1;814 
Parametros:  1000;20;2;814 
Parametros:  1000;20;3;814 
Parametros:  1000;20;4;814 
Parametros:  1000;20;5;814 
Parametros:  1000;20;6;814 
Parametros:  1000;20;7;814 
Parametros:  1000;20;8;814 
Parametros:  1000;20;0;888 
Parametros:  1000;20;1;888 
Parametros:  1000;20;2;888 
Parametros:  1000;20;3;888 
Parametros:  1000;20;4;888 
Parametros:  1000;20;5;888 
Parametros:  1000;20;6;888 
Parametros:  1000;20;7;888 
Parametros:  1000;20;8;888 
Parametros:  1000;20;0;1165 
Parametros:  1000;20;1;1165 
Parametros:  1000;20;2;1165 
Parametros:  1000;20;3;1165 
Parametros:  1000;20;4;1165 
Parametros:  1000;20;5;1165 
Parametros:  1000;20;6;1165 
Parametros:  1000;20;7;1165 
Parametros:  1000;20;8;1165 
Parametros:  1000;20;0;2012 
Parametros:  1000;20;1;2012 
Parametros:  1000;20;2;2012 
Parametros:  1000;20;3;2012 
Parametros:  1000;20;4;2012 
Parametros:  1000;20;5;2012 
Parametros:  1000;20;6;2012 
Parametros:  1000;20;7;2012 
Parametros:  1000;20;8;2012 
Parametros:  1000;20;0;2511 
Parametros:  1000;20;1;2511 
Parametros:  1000;20;2;2511 
Parametros:  1000;20;3;2511 
Parametros:  1000;20;4;2511 
Parametros:  1000;20;5;2511 
Parametros:  1000;20;6;2511 
Parametros:  1000;20;7;2511 
Parametros:  1000;20;8;2511 
Parametros:  1000;20;0;9396 
Parametros:  1000;20;1;9396 
Parametros:  1000;20;2;9396 
Parametros:  1000;20;3;9396 
Parametros:  1000;20;4;9396 
Parametros:  1000;20;5;9396 
Parametros:  1000;20;6;9396 
Parametros:  1000;20;7;9396 
Parametros:  1000;20;8;9396 
Parametros:  1000;20;0;11792 
Parametros:  1000;20;1;11792 
Parametros:  1000;20;2;11792 
Parametros:  1000;20;3;11792 
Parametros:  1000;20;4;11792 
Parametros:  1000;20;5;11792 
Parametros:  1000;20;6;11792 
Parametros:  1000;20;7;11792 
Parametros:  1000;20;8;11792 
Parametros:  1000;50;0;107 
Parametros:  1000;50;1;107 
Parametros:  1000;50;2;107 
Parametros:  1000;50;3;107 
Parametros:  1000;50;4;107 
Parametros:  1000;50;5;107 
Parametros:  1000;50;6;107 
Parametros:  1000;50;7;107 
Parametros:  1000;50;8;107 
Parametros:  1000;50;0;126 
Parametros:  1000;50;1;126 
Parametros:  1000;50;2;126 
Parametros:  1000;50;3;126 
Parametros:  1000;50;4;126 
Parametros:  1000;50;5;126 
Parametros:  1000;50;6;126 
Parametros:  1000;50;7;126 
Parametros:  1000;50;8;126 
Parametros:  1000;50;0;149 
Parametros:  1000;50;1;149 
Parametros:  1000;50;2;149 
Parametros:  1000;50;3;149 
Parametros:  1000;50;4;149 
Parametros:  1000;50;5;149 
Parametros:  1000;50;6;149 
Parametros:  1000;50;7;149 
Parametros:  1000;50;8;149 
Parametros:  1000;50;0;182 
Parametros:  1000;50;1;182 
Parametros:  1000;50;2;182 
Parametros:  1000;50;3;182 
Parametros:  1000;50;4;182 
Parametros:  1000;50;5;182 
Parametros:  1000;50;6;182 
Parametros:  1000;50;7;182 
Parametros:  1000;50;8;182 
Parametros:  1000;50;0;233 
Parametros:  1000;50;1;233 
Parametros:  1000;50;2;233 
Parametros:  1000;50;3;233 
Parametros:  1000;50;4;233 
Parametros:  1000;50;5;233 
Parametros:  1000;50;6;233 
Parametros:  1000;50;7;233 
Parametros:  1000;50;8;233 
Parametros:  1000;50;0;242 
Parametros:  1000;50;1;242 
Parametros:  1000;50;2;242 
Parametros:  1000;50;3;242 
Parametros:  1000;50;4;242 
Parametros:  1000;50;5;242 
Parametros:  1000;50;6;242 
Parametros:  1000;50;7;242 
Parametros:  1000;50;8;242 
Parametros:  1000;50;0;261 
Parametros:  1000;50;1;261 
Parametros:  1000;50;2;261 
Parametros:  1000;50;3;261 
Parametros:  1000;50;4;261 
Parametros:  1000;50;5;261 
Parametros:  1000;50;6;261 
Parametros:  1000;50;7;261 
Parametros:  1000;50;8;261 
Parametros:  1000;50;0;265 
Parametros:  1000;50;1;265 
Parametros:  1000;50;2;265 
Parametros:  1000;50;3;265 
Parametros:  1000;50;4;265 
Parametros:  1000;50;5;265 
Parametros:  1000;50;6;265 
Parametros:  1000;50;7;265 
Parametros:  1000;50;8;265 
Parametros:  1000;50;0;301 
Parametros:  1000;50;1;301 
Parametros:  1000;50;2;301 
Parametros:  1000;50;3;301 
Parametros:  1000;50;4;301 
Parametros:  1000;50;5;301 
Parametros:  1000;50;6;301 
Parametros:  1000;50;7;301 
Parametros:  1000;50;8;301 
Parametros:  1000;50;0;379 
Parametros:  1000;50;1;379 
Parametros:  1000;50;2;379 
Parametros:  1000;50;3;379 
Parametros:  1000;50;4;379 
Parametros:  1000;50;5;379 
Parametros:  1000;50;6;379 
Parametros:  1000;50;7;379 
Parametros:  1000;50;8;379 
Parametros:  1000;50;0;662 
Parametros:  1000;50;1;662 
Parametros:  1000;50;2;662 
Parametros:  1000;50;3;662 
Parametros:  1000;50;4;662 
Parametros:  1000;50;5;662 
Parametros:  1000;50;6;662 
Parametros:  1000;50;7;662 
Parametros:  1000;50;8;662 
Parametros:  1000;50;0;684 
Parametros:  1000;50;1;684 
Parametros:  1000;50;2;684 
Parametros:  1000;50;3;684 
Parametros:  1000;50;4;684 
Parametros:  1000;50;5;684 
Parametros:  1000;50;6;684 
Parametros:  1000;50;7;684 
Parametros:  1000;50;8;684 
Parametros:  1000;50;0;702 
Parametros:  1000;50;1;702 
Parametros:  1000;50;2;702 
Parametros:  1000;50;3;702 
Parametros:  1000;50;4;702 
Parametros:  1000;50;5;702 
Parametros:  1000;50;6;702 
Parametros:  1000;50;7;702 
Parametros:  1000;50;8;702 
Parametros:  1000;50;0;814 
Parametros:  1000;50;1;814 
Parametros:  1000;50;2;814 
Parametros:  1000;50;3;814 
Parametros:  1000;50;4;814 
Parametros:  1000;50;5;814 
Parametros:  1000;50;6;814 
Parametros:  1000;50;7;814 
Parametros:  1000;50;8;814 
Parametros:  1000;50;0;888 
Parametros:  1000;50;1;888 
Parametros:  1000;50;2;888 
Parametros:  1000;50;3;888 
Parametros:  1000;50;4;888 
Parametros:  1000;50;5;888 
Parametros:  1000;50;6;888 
Parametros:  1000;50;7;888 
Parametros:  1000;50;8;888 
Parametros:  1000;50;0;1165 
Parametros:  1000;50;1;1165 
Parametros:  1000;50;2;1165 
Parametros:  1000;50;3;1165 
Parametros:  1000;50;4;1165 
Parametros:  1000;50;5;1165 
Parametros:  1000;50;6;1165 
Parametros:  1000;50;7;1165 
Parametros:  1000;50;8;1165 
Parametros:  1000;50;0;2012 
Parametros:  1000;50;1;2012 
Parametros:  1000;50;2;2012 
Parametros:  1000;50;3;2012 
Parametros:  1000;50;4;2012 
Parametros:  1000;50;5;2012 
Parametros:  1000;50;6;2012 
Parametros:  1000;50;7;2012 
Parametros:  1000;50;8;2012 
Parametros:  1000;50;0;2511 
Parametros:  1000;50;1;2511 
Parametros:  1000;50;2;2511 
Parametros:  1000;50;3;2511 
Parametros:  1000;50;4;2511 
Parametros:  1000;50;5;2511 
Parametros:  1000;50;6;2511 
Parametros:  1000;50;7;2511 
Parametros:  1000;50;8;2511 
Parametros:  1000;50;0;9396 
Parametros:  1000;50;1;9396 
Parametros:  1000;50;2;9396 
Parametros:  1000;50;3;9396 
Parametros:  1000;50;4;9396 
Parametros:  1000;50;5;9396 
Parametros:  1000;50;6;9396 
Parametros:  1000;50;7;9396 
Parametros:  1000;50;8;9396 
Parametros:  1000;50;0;11792 
Parametros:  1000;50;1;11792 
Parametros:  1000;50;2;11792 
Parametros:  1000;50;3;11792 
Parametros:  1000;50;4;11792 
Parametros:  1000;50;5;11792 
Parametros:  1000;50;6;11792 
Parametros:  1000;50;7;11792 
Parametros:  1000;50;8;11792 
Parametros:  5000;5;0;107 
Parametros:  5000;5;1;107 
Parametros:  5000;5;2;107 
Parametros:  5000;5;3;107 
Parametros:  5000;5;4;107 
Parametros:  5000;5;5;107 
Parametros:  5000;5;6;107 
Parametros:  5000;5;7;107 
Parametros:  5000;5;8;107 
Parametros:  5000;5;0;126 
Parametros:  5000;5;1;126 
Parametros:  5000;5;2;126 
Parametros:  5000;5;3;126 
Parametros:  5000;5;4;126 
Parametros:  5000;5;5;126 
Parametros:  5000;5;6;126 
Parametros:  5000;5;7;126 
Parametros:  5000;5;8;126 
Parametros:  5000;5;0;149 
Parametros:  5000;5;1;149 
Parametros:  5000;5;2;149 
Parametros:  5000;5;3;149 
Parametros:  5000;5;4;149 
Parametros:  5000;5;5;149 
Parametros:  5000;5;6;149 
Parametros:  5000;5;7;149 
Parametros:  5000;5;8;149 
Parametros:  5000;5;0;182 
Parametros:  5000;5;1;182 
Parametros:  5000;5;2;182 
Parametros:  5000;5;3;182 
Parametros:  5000;5;4;182 
Parametros:  5000;5;5;182 
Parametros:  5000;5;6;182 
Parametros:  5000;5;7;182 
Parametros:  5000;5;8;182 
Parametros:  5000;5;0;233 
Parametros:  5000;5;1;233 
Parametros:  5000;5;2;233 
Parametros:  5000;5;3;233 
Parametros:  5000;5;4;233 
Parametros:  5000;5;5;233 
Parametros:  5000;5;6;233 
Parametros:  5000;5;7;233 
Parametros:  5000;5;8;233 
Parametros:  5000;5;0;242 
Parametros:  5000;5;1;242 
Parametros:  5000;5;2;242 
Parametros:  5000;5;3;242 
Parametros:  5000;5;4;242 
Parametros:  5000;5;5;242 
Parametros:  5000;5;6;242 
Parametros:  5000;5;7;242 
Parametros:  5000;5;8;242 
Parametros:  5000;5;0;261 
Parametros:  5000;5;1;261 
Parametros:  5000;5;2;261 
Parametros:  5000;5;3;261 
Parametros:  5000;5;4;261 
Parametros:  5000;5;5;261 
Parametros:  5000;5;6;261 
Parametros:  5000;5;7;261 
Parametros:  5000;5;8;261 
Parametros:  5000;5;0;265 
Parametros:  5000;5;1;265 
Parametros:  5000;5;2;265 
Parametros:  5000;5;3;265 
Parametros:  5000;5;4;265 
Parametros:  5000;5;5;265 
Parametros:  5000;5;6;265 
Parametros:  5000;5;7;265 
Parametros:  5000;5;8;265 
Parametros:  5000;5;0;301 
Parametros:  5000;5;1;301 
Parametros:  5000;5;2;301 
Parametros:  5000;5;3;301 
Parametros:  5000;5;4;301 
Parametros:  5000;5;5;301 
Parametros:  5000;5;6;301 
Parametros:  5000;5;7;301 
Parametros:  5000;5;8;301 
Parametros:  5000;5;0;379 
Parametros:  5000;5;1;379 
Parametros:  5000;5;2;379 
Parametros:  5000;5;3;379 
Parametros:  5000;5;4;379 
Parametros:  5000;5;5;379 
Parametros:  5000;5;6;379 
Parametros:  5000;5;7;379 
Parametros:  5000;5;8;379 
Parametros:  5000;5;0;662 
Parametros:  5000;5;1;662 
Parametros:  5000;5;2;662 
Parametros:  5000;5;3;662 
Parametros:  5000;5;4;662 
Parametros:  5000;5;5;662 
Parametros:  5000;5;6;662 
Parametros:  5000;5;7;662 
Parametros:  5000;5;8;662 
Parametros:  5000;5;0;684 
Parametros:  5000;5;1;684 
Parametros:  5000;5;2;684 
Parametros:  5000;5;3;684 
Parametros:  5000;5;4;684 
Parametros:  5000;5;5;684 
Parametros:  5000;5;6;684 
Parametros:  5000;5;7;684 
Parametros:  5000;5;8;684 
Parametros:  5000;5;0;702 
Parametros:  5000;5;1;702 
Parametros:  5000;5;2;702 
Parametros:  5000;5;3;702 
Parametros:  5000;5;4;702 
Parametros:  5000;5;5;702 
Parametros:  5000;5;6;702 
Parametros:  5000;5;7;702 
Parametros:  5000;5;8;702 
Parametros:  5000;5;0;814 
Parametros:  5000;5;1;814 
Parametros:  5000;5;2;814 
Parametros:  5000;5;3;814 
Parametros:  5000;5;4;814 
Parametros:  5000;5;5;814 
Parametros:  5000;5;6;814 
Parametros:  5000;5;7;814 
Parametros:  5000;5;8;814 
Parametros:  5000;5;0;888 
Parametros:  5000;5;1;888 
Parametros:  5000;5;2;888 
Parametros:  5000;5;3;888 
Parametros:  5000;5;4;888 
Parametros:  5000;5;5;888 
Parametros:  5000;5;6;888 
Parametros:  5000;5;7;888 
Parametros:  5000;5;8;888 
Parametros:  5000;5;0;1165 
Parametros:  5000;5;1;1165 
Parametros:  5000;5;2;1165 
Parametros:  5000;5;3;1165 
Parametros:  5000;5;4;1165 
Parametros:  5000;5;5;1165 
Parametros:  5000;5;6;1165 
Parametros:  5000;5;7;1165 
Parametros:  5000;5;8;1165 
Parametros:  5000;5;0;2012 
Parametros:  5000;5;1;2012 
Parametros:  5000;5;2;2012 
Parametros:  5000;5;3;2012 
Parametros:  5000;5;4;2012 
Parametros:  5000;5;5;2012 
Parametros:  5000;5;6;2012 
Parametros:  5000;5;7;2012 
Parametros:  5000;5;8;2012 
Parametros:  5000;5;0;2511 
Parametros:  5000;5;1;2511 
Parametros:  5000;5;2;2511 
Parametros:  5000;5;3;2511 
Parametros:  5000;5;4;2511 
Parametros:  5000;5;5;2511 
Parametros:  5000;5;6;2511 
Parametros:  5000;5;7;2511 
Parametros:  5000;5;8;2511 
Parametros:  5000;5;0;9396 
Parametros:  5000;5;1;9396 
Parametros:  5000;5;2;9396 
Parametros:  5000;5;3;9396 
Parametros:  5000;5;4;9396 
Parametros:  5000;5;5;9396 
Parametros:  5000;5;6;9396 
Parametros:  5000;5;7;9396 
Parametros:  5000;5;8;9396 
Parametros:  5000;5;0;11792 
Parametros:  5000;5;1;11792 
Parametros:  5000;5;2;11792 
Parametros:  5000;5;3;11792 
Parametros:  5000;5;4;11792 
Parametros:  5000;5;5;11792 
Parametros:  5000;5;6;11792 
Parametros:  5000;5;7;11792 
Parametros:  5000;5;8;11792 
Parametros:  5000;10;0;107 
Parametros:  5000;10;1;107 
Parametros:  5000;10;2;107 
Parametros:  5000;10;3;107 
Parametros:  5000;10;4;107 
Parametros:  5000;10;5;107 
Parametros:  5000;10;6;107 
Parametros:  5000;10;7;107 
Parametros:  5000;10;8;107 
Parametros:  5000;10;0;126 
Parametros:  5000;10;1;126 
Parametros:  5000;10;2;126 
Parametros:  5000;10;3;126 
Parametros:  5000;10;4;126 
Parametros:  5000;10;5;126 
Parametros:  5000;10;6;126 
Parametros:  5000;10;7;126 
Parametros:  5000;10;8;126 
Parametros:  5000;10;0;149 
Parametros:  5000;10;1;149 
Parametros:  5000;10;2;149 
Parametros:  5000;10;3;149 
Parametros:  5000;10;4;149 
Parametros:  5000;10;5;149 
Parametros:  5000;10;6;149 
Parametros:  5000;10;7;149 
Parametros:  5000;10;8;149 
Parametros:  5000;10;0;182 
Parametros:  5000;10;1;182 
Parametros:  5000;10;2;182 
Parametros:  5000;10;3;182 
Parametros:  5000;10;4;182 
Parametros:  5000;10;5;182 
Parametros:  5000;10;6;182 
Parametros:  5000;10;7;182 
Parametros:  5000;10;8;182 
Parametros:  5000;10;0;233 
Parametros:  5000;10;1;233 
Parametros:  5000;10;2;233 
Parametros:  5000;10;3;233 
Parametros:  5000;10;4;233 
Parametros:  5000;10;5;233 
Parametros:  5000;10;6;233 
Parametros:  5000;10;7;233 
Parametros:  5000;10;8;233 
Parametros:  5000;10;0;242 
Parametros:  5000;10;1;242 
Parametros:  5000;10;2;242 
Parametros:  5000;10;3;242 
Parametros:  5000;10;4;242 
Parametros:  5000;10;5;242 
Parametros:  5000;10;6;242 
Parametros:  5000;10;7;242 
Parametros:  5000;10;8;242 
Parametros:  5000;10;0;261 
Parametros:  5000;10;1;261 
Parametros:  5000;10;2;261 
Parametros:  5000;10;3;261 
Parametros:  5000;10;4;261 
Parametros:  5000;10;5;261 
Parametros:  5000;10;6;261 
Parametros:  5000;10;7;261 
Parametros:  5000;10;8;261 
Parametros:  5000;10;0;265 
Parametros:  5000;10;1;265 
Parametros:  5000;10;2;265 
Parametros:  5000;10;3;265 
Parametros:  5000;10;4;265 
Parametros:  5000;10;5;265 
Parametros:  5000;10;6;265 
Parametros:  5000;10;7;265 
Parametros:  5000;10;8;265 
Parametros:  5000;10;0;301 
Parametros:  5000;10;1;301 
Parametros:  5000;10;2;301 
Parametros:  5000;10;3;301 
Parametros:  5000;10;4;301 
Parametros:  5000;10;5;301 
Parametros:  5000;10;6;301 
Parametros:  5000;10;7;301 
Parametros:  5000;10;8;301 
Parametros:  5000;10;0;379 
Parametros:  5000;10;1;379 
Parametros:  5000;10;2;379 
Parametros:  5000;10;3;379 
Parametros:  5000;10;4;379 
Parametros:  5000;10;5;379 
Parametros:  5000;10;6;379 
Parametros:  5000;10;7;379 
Parametros:  5000;10;8;379 
Parametros:  5000;10;0;662 
Parametros:  5000;10;1;662 
Parametros:  5000;10;2;662 
Parametros:  5000;10;3;662 
Parametros:  5000;10;4;662 
Parametros:  5000;10;5;662 
Parametros:  5000;10;6;662 
Parametros:  5000;10;7;662 
Parametros:  5000;10;8;662 
Parametros:  5000;10;0;684 
Parametros:  5000;10;1;684 
Parametros:  5000;10;2;684 
Parametros:  5000;10;3;684 
Parametros:  5000;10;4;684 
Parametros:  5000;10;5;684 
Parametros:  5000;10;6;684 
Parametros:  5000;10;7;684 
Parametros:  5000;10;8;684 
Parametros:  5000;10;0;702 
Parametros:  5000;10;1;702 
Parametros:  5000;10;2;702 
Parametros:  5000;10;3;702 
Parametros:  5000;10;4;702 
Parametros:  5000;10;5;702 
Parametros:  5000;10;6;702 
Parametros:  5000;10;7;702 
Parametros:  5000;10;8;702 
Parametros:  5000;10;0;814 
Parametros:  5000;10;1;814 
Parametros:  5000;10;2;814 
Parametros:  5000;10;3;814 
Parametros:  5000;10;4;814 
Parametros:  5000;10;5;814 
Parametros:  5000;10;6;814 
Parametros:  5000;10;7;814 
Parametros:  5000;10;8;814 
Parametros:  5000;10;0;888 
Parametros:  5000;10;1;888 
Parametros:  5000;10;2;888 
Parametros:  5000;10;3;888 
Parametros:  5000;10;4;888 
Parametros:  5000;10;5;888 
Parametros:  5000;10;6;888 
Parametros:  5000;10;7;888 
Parametros:  5000;10;8;888 
Parametros:  5000;10;0;1165 
Parametros:  5000;10;1;1165 
Parametros:  5000;10;2;1165 
Parametros:  5000;10;3;1165 
Parametros:  5000;10;4;1165 
Parametros:  5000;10;5;1165 
Parametros:  5000;10;6;1165 
Parametros:  5000;10;7;1165 
Parametros:  5000;10;8;1165 
Parametros:  5000;10;0;2012 
Parametros:  5000;10;1;2012 
Parametros:  5000;10;2;2012 
Parametros:  5000;10;3;2012 
Parametros:  5000;10;4;2012 
Parametros:  5000;10;5;2012 
Parametros:  5000;10;6;2012 
Parametros:  5000;10;7;2012 
Parametros:  5000;10;8;2012 
Parametros:  5000;10;0;2511 
Parametros:  5000;10;1;2511 
Parametros:  5000;10;2;2511 
Parametros:  5000;10;3;2511 
Parametros:  5000;10;4;2511 
Parametros:  5000;10;5;2511 
Parametros:  5000;10;6;2511 
Parametros:  5000;10;7;2511 
Parametros:  5000;10;8;2511 
Parametros:  5000;10;0;9396 
Parametros:  5000;10;1;9396 
Parametros:  5000;10;2;9396 
Parametros:  5000;10;3;9396 
Parametros:  5000;10;4;9396 
Parametros:  5000;10;5;9396 
Parametros:  5000;10;6;9396 
Parametros:  5000;10;7;9396 
Parametros:  5000;10;8;9396 
Parametros:  5000;10;0;11792 
Parametros:  5000;10;1;11792 
Parametros:  5000;10;2;11792 
Parametros:  5000;10;3;11792 
Parametros:  5000;10;4;11792 
Parametros:  5000;10;5;11792 
Parametros:  5000;10;6;11792 
Parametros:  5000;10;7;11792 
Parametros:  5000;10;8;11792 
Parametros:  5000;20;0;107 
Parametros:  5000;20;1;107 
Parametros:  5000;20;2;107 
Parametros:  5000;20;3;107 
Parametros:  5000;20;4;107 
Parametros:  5000;20;5;107 
Parametros:  5000;20;6;107 
Parametros:  5000;20;7;107 
Parametros:  5000;20;8;107 
Parametros:  5000;20;0;126 
Parametros:  5000;20;1;126 
Parametros:  5000;20;2;126 
Parametros:  5000;20;3;126 
Parametros:  5000;20;4;126 
Parametros:  5000;20;5;126 
Parametros:  5000;20;6;126 
Parametros:  5000;20;7;126 
Parametros:  5000;20;8;126 
Parametros:  5000;20;0;149 
Parametros:  5000;20;1;149 
Parametros:  5000;20;2;149 
Parametros:  5000;20;3;149 
Parametros:  5000;20;4;149 
Parametros:  5000;20;5;149 
Parametros:  5000;20;6;149 
Parametros:  5000;20;7;149 
Parametros:  5000;20;8;149 
Parametros:  5000;20;0;182 
Parametros:  5000;20;1;182 
Parametros:  5000;20;2;182 
Parametros:  5000;20;3;182 
Parametros:  5000;20;4;182 
Parametros:  5000;20;5;182 
Parametros:  5000;20;6;182 
Parametros:  5000;20;7;182 
Parametros:  5000;20;8;182 
Parametros:  5000;20;0;233 
Parametros:  5000;20;1;233 
Parametros:  5000;20;2;233 
Parametros:  5000;20;3;233 
Parametros:  5000;20;4;233 
Parametros:  5000;20;5;233 
Parametros:  5000;20;6;233 
Parametros:  5000;20;7;233 
Parametros:  5000;20;8;233 
Parametros:  5000;20;0;242 
Parametros:  5000;20;1;242 
Parametros:  5000;20;2;242 
Parametros:  5000;20;3;242 
Parametros:  5000;20;4;242 
Parametros:  5000;20;5;242 
Parametros:  5000;20;6;242 
Parametros:  5000;20;7;242 
Parametros:  5000;20;8;242 
Parametros:  5000;20;0;261 
Parametros:  5000;20;1;261 
Parametros:  5000;20;2;261 
Parametros:  5000;20;3;261 
Parametros:  5000;20;4;261 
Parametros:  5000;20;5;261 
Parametros:  5000;20;6;261 
Parametros:  5000;20;7;261 
Parametros:  5000;20;8;261 
Parametros:  5000;20;0;265 
Parametros:  5000;20;1;265 
Parametros:  5000;20;2;265 
Parametros:  5000;20;3;265 
Parametros:  5000;20;4;265 
Parametros:  5000;20;5;265 
Parametros:  5000;20;6;265 
Parametros:  5000;20;7;265 
Parametros:  5000;20;8;265 
Parametros:  5000;20;0;301 
Parametros:  5000;20;1;301 
Parametros:  5000;20;2;301 
Parametros:  5000;20;3;301 
Parametros:  5000;20;4;301 
Parametros:  5000;20;5;301 
Parametros:  5000;20;6;301 
Parametros:  5000;20;7;301 
Parametros:  5000;20;8;301 
Parametros:  5000;20;0;379 
Parametros:  5000;20;1;379 
Parametros:  5000;20;2;379 
Parametros:  5000;20;3;379 
Parametros:  5000;20;4;379 
Parametros:  5000;20;5;379 
Parametros:  5000;20;6;379 
Parametros:  5000;20;7;379 
Parametros:  5000;20;8;379 
Parametros:  5000;20;0;662 
Parametros:  5000;20;1;662 
Parametros:  5000;20;2;662 
Parametros:  5000;20;3;662 
Parametros:  5000;20;4;662 
Parametros:  5000;20;5;662 
Parametros:  5000;20;6;662 
Parametros:  5000;20;7;662 
Parametros:  5000;20;8;662 
Parametros:  5000;20;0;684 
Parametros:  5000;20;1;684 
Parametros:  5000;20;2;684 
Parametros:  5000;20;3;684 
Parametros:  5000;20;4;684 
Parametros:  5000;20;5;684 
Parametros:  5000;20;6;684 
Parametros:  5000;20;7;684 
Parametros:  5000;20;8;684 
Parametros:  5000;20;0;702 
Parametros:  5000;20;1;702 
Parametros:  5000;20;2;702 
Parametros:  5000;20;3;702 
Parametros:  5000;20;4;702 
Parametros:  5000;20;5;702 
Parametros:  5000;20;6;702 
Parametros:  5000;20;7;702 
Parametros:  5000;20;8;702 
Parametros:  5000;20;0;814 
Parametros:  5000;20;1;814 
Parametros:  5000;20;2;814 
Parametros:  5000;20;3;814 
Parametros:  5000;20;4;814 
Parametros:  5000;20;5;814 
Parametros:  5000;20;6;814 
Parametros:  5000;20;7;814 
Parametros:  5000;20;8;814 
Parametros:  5000;20;0;888 
Parametros:  5000;20;1;888 
Parametros:  5000;20;2;888 
Parametros:  5000;20;3;888 
Parametros:  5000;20;4;888 
Parametros:  5000;20;5;888 
Parametros:  5000;20;6;888 
Parametros:  5000;20;7;888 
Parametros:  5000;20;8;888 
Parametros:  5000;20;0;1165 
Parametros:  5000;20;1;1165 
Parametros:  5000;20;2;1165 
Parametros:  5000;20;3;1165 
Parametros:  5000;20;4;1165 
Parametros:  5000;20;5;1165 
Parametros:  5000;20;6;1165 
Parametros:  5000;20;7;1165 
Parametros:  5000;20;8;1165 
Parametros:  5000;20;0;2012 
Parametros:  5000;20;1;2012 
Parametros:  5000;20;2;2012 
Parametros:  5000;20;3;2012 
Parametros:  5000;20;4;2012 
Parametros:  5000;20;5;2012 
Parametros:  5000;20;6;2012 
Parametros:  5000;20;7;2012 
Parametros:  5000;20;8;2012 
Parametros:  5000;20;0;2511 
Parametros:  5000;20;1;2511 
Parametros:  5000;20;2;2511 
Parametros:  5000;20;3;2511 
Parametros:  5000;20;4;2511 
Parametros:  5000;20;5;2511 
Parametros:  5000;20;6;2511 
Parametros:  5000;20;7;2511 
Parametros:  5000;20;8;2511 
Parametros:  5000;20;0;9396 
Parametros:  5000;20;1;9396 
Parametros:  5000;20;2;9396 
Parametros:  5000;20;3;9396 
Parametros:  5000;20;4;9396 
Parametros:  5000;20;5;9396 
Parametros:  5000;20;6;9396 
Parametros:  5000;20;7;9396 
Parametros:  5000;20;8;9396 
Parametros:  5000;20;0;11792 
Parametros:  5000;20;1;11792 
Parametros:  5000;20;2;11792 
Parametros:  5000;20;3;11792 
Parametros:  5000;20;4;11792 
Parametros:  5000;20;5;11792 
Parametros:  5000;20;6;11792 
Parametros:  5000;20;7;11792 
Parametros:  5000;20;8;11792 
Parametros:  5000;50;0;107 
Parametros:  5000;50;1;107 
Parametros:  5000;50;2;107 
Parametros:  5000;50;3;107 
Parametros:  5000;50;4;107 
Parametros:  5000;50;5;107 
Parametros:  5000;50;6;107 
Parametros:  5000;50;7;107 
Parametros:  5000;50;8;107 
Parametros:  5000;50;0;126 
Parametros:  5000;50;1;126 
Parametros:  5000;50;2;126 
Parametros:  5000;50;3;126 
Parametros:  5000;50;4;126 
Parametros:  5000;50;5;126 
Parametros:  5000;50;6;126 
Parametros:  5000;50;7;126 
Parametros:  5000;50;8;126 
Parametros:  5000;50;0;149 
Parametros:  5000;50;1;149 
Parametros:  5000;50;2;149 
Parametros:  5000;50;3;149 
Parametros:  5000;50;4;149 
Parametros:  5000;50;5;149 
Parametros:  5000;50;6;149 
Parametros:  5000;50;7;149 
Parametros:  5000;50;8;149 
Parametros:  5000;50;0;182 
Parametros:  5000;50;1;182 
Parametros:  5000;50;2;182 
Parametros:  5000;50;3;182 
Parametros:  5000;50;4;182 
Parametros:  5000;50;5;182 
Parametros:  5000;50;6;182 
Parametros:  5000;50;7;182 
Parametros:  5000;50;8;182 
Parametros:  5000;50;0;233 
Parametros:  5000;50;1;233 
Parametros:  5000;50;2;233 
Parametros:  5000;50;3;233 
Parametros:  5000;50;4;233 
Parametros:  5000;50;5;233 
Parametros:  5000;50;6;233 
Parametros:  5000;50;7;233 
Parametros:  5000;50;8;233 
Parametros:  5000;50;0;242 
Parametros:  5000;50;1;242 
Parametros:  5000;50;2;242 
Parametros:  5000;50;3;242 
Parametros:  5000;50;4;242 
Parametros:  5000;50;5;242 
Parametros:  5000;50;6;242 
Parametros:  5000;50;7;242 
Parametros:  5000;50;8;242 
Parametros:  5000;50;0;261 
Parametros:  5000;50;1;261 
Parametros:  5000;50;2;261 
Parametros:  5000;50;3;261 
Parametros:  5000;50;4;261 
Parametros:  5000;50;5;261 
Parametros:  5000;50;6;261 
Parametros:  5000;50;7;261 
Parametros:  5000;50;8;261 
Parametros:  5000;50;0;265 
Parametros:  5000;50;1;265 
Parametros:  5000;50;2;265 
Parametros:  5000;50;3;265 
Parametros:  5000;50;4;265 
Parametros:  5000;50;5;265 
Parametros:  5000;50;6;265 
Parametros:  5000;50;7;265 
Parametros:  5000;50;8;265 
Parametros:  5000;50;0;301 
Parametros:  5000;50;1;301 
Parametros:  5000;50;2;301 
Parametros:  5000;50;3;301 
Parametros:  5000;50;4;301 
Parametros:  5000;50;5;301 
Parametros:  5000;50;6;301 
Parametros:  5000;50;7;301 
Parametros:  5000;50;8;301 
Parametros:  5000;50;0;379 
Parametros:  5000;50;1;379 
Parametros:  5000;50;2;379 
Parametros:  5000;50;3;379 
Parametros:  5000;50;4;379 
Parametros:  5000;50;5;379 
Parametros:  5000;50;6;379 
Parametros:  5000;50;7;379 
Parametros:  5000;50;8;379 
Parametros:  5000;50;0;662 
Parametros:  5000;50;1;662 
Parametros:  5000;50;2;662 
Parametros:  5000;50;3;662 
Parametros:  5000;50;4;662 
Parametros:  5000;50;5;662 
Parametros:  5000;50;6;662 
Parametros:  5000;50;7;662 
Parametros:  5000;50;8;662 
Parametros:  5000;50;0;684 
Parametros:  5000;50;1;684 
Parametros:  5000;50;2;684 
Parametros:  5000;50;3;684 
Parametros:  5000;50;4;684 
Parametros:  5000;50;5;684 
Parametros:  5000;50;6;684 
Parametros:  5000;50;7;684 
Parametros:  5000;50;8;684 
Parametros:  5000;50;0;702 
Parametros:  5000;50;1;702 
Parametros:  5000;50;2;702 
Parametros:  5000;50;3;702 
Parametros:  5000;50;4;702 
Parametros:  5000;50;5;702 
Parametros:  5000;50;6;702 
Parametros:  5000;50;7;702 
Parametros:  5000;50;8;702 
Parametros:  5000;50;0;814 
Parametros:  5000;50;1;814 
Parametros:  5000;50;2;814 
Parametros:  5000;50;3;814 
Parametros:  5000;50;4;814 
Parametros:  5000;50;5;814 
Parametros:  5000;50;6;814 
Parametros:  5000;50;7;814 
Parametros:  5000;50;8;814 
Parametros:  5000;50;0;888 
Parametros:  5000;50;1;888 
Parametros:  5000;50;2;888 
Parametros:  5000;50;3;888 
Parametros:  5000;50;4;888 
Parametros:  5000;50;5;888 
Parametros:  5000;50;6;888 
Parametros:  5000;50;7;888 
Parametros:  5000;50;8;888 
Parametros:  5000;50;0;1165 
Parametros:  5000;50;1;1165 
Parametros:  5000;50;2;1165 
Parametros:  5000;50;3;1165 
Parametros:  5000;50;4;1165 
Parametros:  5000;50;5;1165 
Parametros:  5000;50;6;1165 
Parametros:  5000;50;7;1165 
Parametros:  5000;50;8;1165 
Parametros:  5000;50;0;2012 
Parametros:  5000;50;1;2012 
Parametros:  5000;50;2;2012 
Parametros:  5000;50;3;2012 
Parametros:  5000;50;4;2012 
Parametros:  5000;50;5;2012 
Parametros:  5000;50;6;2012 
Parametros:  5000;50;7;2012 
Parametros:  5000;50;8;2012 
Parametros:  5000;50;0;2511 
Parametros:  5000;50;1;2511 
Parametros:  5000;50;2;2511 
Parametros:  5000;50;3;2511 
Parametros:  5000;50;4;2511 
Parametros:  5000;50;5;2511 
Parametros:  5000;50;6;2511 
Parametros:  5000;50;7;2511 
Parametros:  5000;50;8;2511 
Parametros:  5000;50;0;9396 
Parametros:  5000;50;1;9396 
Parametros:  5000;50;2;9396 
Parametros:  5000;50;3;9396 
Parametros:  5000;50;4;9396 
Parametros:  5000;50;5;9396 
Parametros:  5000;50;6;9396 
Parametros:  5000;50;7;9396 
Parametros:  5000;50;8;9396 
Parametros:  5000;50;0;11792 
Parametros:  5000;50;1;11792 
Parametros:  5000;50;2;11792 
Parametros:  5000;50;3;11792 
Parametros:  5000;50;4;11792 
Parametros:  5000;50;5;11792 
Parametros:  5000;50;6;11792 
Parametros:  5000;50;7;11792 
Parametros:  5000;50;8;11792 
Parametros:  10000;5;0;107 
Parametros:  10000;5;1;107 
Parametros:  10000;5;2;107 
Parametros:  10000;5;3;107 
Parametros:  10000;5;4;107 
Parametros:  10000;5;5;107 
Parametros:  10000;5;6;107 
Parametros:  10000;5;7;107 
Parametros:  10000;5;8;107 
Parametros:  10000;5;0;126 
Parametros:  10000;5;1;126 
Parametros:  10000;5;2;126 
Parametros:  10000;5;3;126 
Parametros:  10000;5;4;126 
Parametros:  10000;5;5;126 
Parametros:  10000;5;6;126 
Parametros:  10000;5;7;126 
Parametros:  10000;5;8;126 
Parametros:  10000;5;0;149 
Parametros:  10000;5;1;149 
Parametros:  10000;5;2;149 
Parametros:  10000;5;3;149 
Parametros:  10000;5;4;149 
Parametros:  10000;5;5;149 
Parametros:  10000;5;6;149 
Parametros:  10000;5;7;149 
Parametros:  10000;5;8;149 
Parametros:  10000;5;0;182 
Parametros:  10000;5;1;182 
Parametros:  10000;5;2;182 
Parametros:  10000;5;3;182 
Parametros:  10000;5;4;182 
Parametros:  10000;5;5;182 
Parametros:  10000;5;6;182 
Parametros:  10000;5;7;182 
Parametros:  10000;5;8;182 
Parametros:  10000;5;0;233 
Parametros:  10000;5;1;233 
Parametros:  10000;5;2;233 
Parametros:  10000;5;3;233 
Parametros:  10000;5;4;233 
Parametros:  10000;5;5;233 
Parametros:  10000;5;6;233 
Parametros:  10000;5;7;233 
Parametros:  10000;5;8;233 
Parametros:  10000;5;0;242 
Parametros:  10000;5;1;242 
Parametros:  10000;5;2;242 
Parametros:  10000;5;3;242 
Parametros:  10000;5;4;242 
Parametros:  10000;5;5;242 
Parametros:  10000;5;6;242 
Parametros:  10000;5;7;242 
Parametros:  10000;5;8;242 
Parametros:  10000;5;0;261 
Parametros:  10000;5;1;261 
Parametros:  10000;5;2;261 
Parametros:  10000;5;3;261 
Parametros:  10000;5;4;261 
Parametros:  10000;5;5;261 
Parametros:  10000;5;6;261 
Parametros:  10000;5;7;261 
Parametros:  10000;5;8;261 
Parametros:  10000;5;0;265 
Parametros:  10000;5;1;265 
Parametros:  10000;5;2;265 
Parametros:  10000;5;3;265 
Parametros:  10000;5;4;265 
Parametros:  10000;5;5;265 
Parametros:  10000;5;6;265 
Parametros:  10000;5;7;265 
Parametros:  10000;5;8;265 
Parametros:  10000;5;0;301 
Parametros:  10000;5;1;301 
Parametros:  10000;5;2;301 
Parametros:  10000;5;3;301 
Parametros:  10000;5;4;301 
Parametros:  10000;5;5;301 
Parametros:  10000;5;6;301 
Parametros:  10000;5;7;301 
Parametros:  10000;5;8;301 
Parametros:  10000;5;0;379 
Parametros:  10000;5;1;379 
Parametros:  10000;5;2;379 
Parametros:  10000;5;3;379 
Parametros:  10000;5;4;379 
Parametros:  10000;5;5;379 
Parametros:  10000;5;6;379 
Parametros:  10000;5;7;379 
Parametros:  10000;5;8;379 
Parametros:  10000;5;0;662 
Parametros:  10000;5;1;662 
Parametros:  10000;5;2;662 
Parametros:  10000;5;3;662 
Parametros:  10000;5;4;662 
Parametros:  10000;5;5;662 
Parametros:  10000;5;6;662 
Parametros:  10000;5;7;662 
Parametros:  10000;5;8;662 
Parametros:  10000;5;0;684 
Parametros:  10000;5;1;684 
Parametros:  10000;5;2;684 
Parametros:  10000;5;3;684 
Parametros:  10000;5;4;684 
Parametros:  10000;5;5;684 
Parametros:  10000;5;6;684 
Parametros:  10000;5;7;684 
Parametros:  10000;5;8;684 
Parametros:  10000;5;0;702 
Parametros:  10000;5;1;702 
Parametros:  10000;5;2;702 
Parametros:  10000;5;3;702 
Parametros:  10000;5;4;702 
Parametros:  10000;5;5;702 
Parametros:  10000;5;6;702 
Parametros:  10000;5;7;702 
Parametros:  10000;5;8;702 
Parametros:  10000;5;0;814 
Parametros:  10000;5;1;814 
Parametros:  10000;5;2;814 
Parametros:  10000;5;3;814 
Parametros:  10000;5;4;814 
Parametros:  10000;5;5;814 
Parametros:  10000;5;6;814 
Parametros:  10000;5;7;814 
Parametros:  10000;5;8;814 
Parametros:  10000;5;0;888 
Parametros:  10000;5;1;888 
Parametros:  10000;5;2;888 
Parametros:  10000;5;3;888 
Parametros:  10000;5;4;888 
Parametros:  10000;5;5;888 
Parametros:  10000;5;6;888 
Parametros:  10000;5;7;888 
Parametros:  10000;5;8;888 
Parametros:  10000;5;0;1165 
Parametros:  10000;5;1;1165 
Parametros:  10000;5;2;1165 
Parametros:  10000;5;3;1165 
Parametros:  10000;5;4;1165 
Parametros:  10000;5;5;1165 
Parametros:  10000;5;6;1165 
Parametros:  10000;5;7;1165 
Parametros:  10000;5;8;1165 
Parametros:  10000;5;0;2012 
Parametros:  10000;5;1;2012 
Parametros:  10000;5;2;2012 
Parametros:  10000;5;3;2012 
Parametros:  10000;5;4;2012 
Parametros:  10000;5;5;2012 
Parametros:  10000;5;6;2012 
Parametros:  10000;5;7;2012 
Parametros:  10000;5;8;2012 
Parametros:  10000;5;0;2511 
Parametros:  10000;5;1;2511 
Parametros:  10000;5;2;2511 
Parametros:  10000;5;3;2511 
Parametros:  10000;5;4;2511 
Parametros:  10000;5;5;2511 
Parametros:  10000;5;6;2511 
Parametros:  10000;5;7;2511 
Parametros:  10000;5;8;2511 
Parametros:  10000;5;0;9396 
Parametros:  10000;5;1;9396 
Parametros:  10000;5;2;9396 
Parametros:  10000;5;3;9396 
Parametros:  10000;5;4;9396 
Parametros:  10000;5;5;9396 
Parametros:  10000;5;6;9396 
Parametros:  10000;5;7;9396 
Parametros:  10000;5;8;9396 
Parametros:  10000;5;0;11792 
Parametros:  10000;5;1;11792 
Parametros:  10000;5;2;11792 
Parametros:  10000;5;3;11792 
Parametros:  10000;5;4;11792 
Parametros:  10000;5;5;11792 
Parametros:  10000;5;6;11792 
Parametros:  10000;5;7;11792 
Parametros:  10000;5;8;11792 
Parametros:  10000;10;0;107 
Parametros:  10000;10;1;107 
Parametros:  10000;10;2;107 
Parametros:  10000;10;3;107 
Parametros:  10000;10;4;107 
Parametros:  10000;10;5;107 
Parametros:  10000;10;6;107 
Parametros:  10000;10;7;107 
Parametros:  10000;10;8;107 
Parametros:  10000;10;0;126 
Parametros:  10000;10;1;126 
Parametros:  10000;10;2;126 
Parametros:  10000;10;3;126 
Parametros:  10000;10;4;126 
Parametros:  10000;10;5;126 
Parametros:  10000;10;6;126 
Parametros:  10000;10;7;126 
Parametros:  10000;10;8;126 
Parametros:  10000;10;0;149 
Parametros:  10000;10;1;149 
Parametros:  10000;10;2;149 
Parametros:  10000;10;3;149 
Parametros:  10000;10;4;149 
Parametros:  10000;10;5;149 
Parametros:  10000;10;6;149 
Parametros:  10000;10;7;149 
Parametros:  10000;10;8;149 
Parametros:  10000;10;0;182 
Parametros:  10000;10;1;182 
Parametros:  10000;10;2;182 
Parametros:  10000;10;3;182 
Parametros:  10000;10;4;182 
Parametros:  10000;10;5;182 
Parametros:  10000;10;6;182 
Parametros:  10000;10;7;182 
Parametros:  10000;10;8;182 
Parametros:  10000;10;0;233 
Parametros:  10000;10;1;233 
Parametros:  10000;10;2;233 
Parametros:  10000;10;3;233 
Parametros:  10000;10;4;233 
Parametros:  10000;10;5;233 
Parametros:  10000;10;6;233 
Parametros:  10000;10;7;233 
Parametros:  10000;10;8;233 
Parametros:  10000;10;0;242 
Parametros:  10000;10;1;242 
Parametros:  10000;10;2;242 
Parametros:  10000;10;3;242 
Parametros:  10000;10;4;242 
Parametros:  10000;10;5;242 
Parametros:  10000;10;6;242 
Parametros:  10000;10;7;242 
Parametros:  10000;10;8;242 
Parametros:  10000;10;0;261 
Parametros:  10000;10;1;261 
Parametros:  10000;10;2;261 
Parametros:  10000;10;3;261 
Parametros:  10000;10;4;261 
Parametros:  10000;10;5;261 
Parametros:  10000;10;6;261 
Parametros:  10000;10;7;261 
Parametros:  10000;10;8;261 
Parametros:  10000;10;0;265 
Parametros:  10000;10;1;265 
Parametros:  10000;10;2;265 
Parametros:  10000;10;3;265 
Parametros:  10000;10;4;265 
Parametros:  10000;10;5;265 
Parametros:  10000;10;6;265 
Parametros:  10000;10;7;265 
Parametros:  10000;10;8;265 
Parametros:  10000;10;0;301 
Parametros:  10000;10;1;301 
Parametros:  10000;10;2;301 
Parametros:  10000;10;3;301 
Parametros:  10000;10;4;301 
Parametros:  10000;10;5;301 
Parametros:  10000;10;6;301 
Parametros:  10000;10;7;301 
Parametros:  10000;10;8;301 
Parametros:  10000;10;0;379 
Parametros:  10000;10;1;379 
Parametros:  10000;10;2;379 
Parametros:  10000;10;3;379 
Parametros:  10000;10;4;379 
Parametros:  10000;10;5;379 
Parametros:  10000;10;6;379 
Parametros:  10000;10;7;379 
Parametros:  10000;10;8;379 
Parametros:  10000;10;0;662 
Parametros:  10000;10;1;662 
Parametros:  10000;10;2;662 
Parametros:  10000;10;3;662 
Parametros:  10000;10;4;662 
Parametros:  10000;10;5;662 
Parametros:  10000;10;6;662 
Parametros:  10000;10;7;662 
Parametros:  10000;10;8;662 
Parametros:  10000;10;0;684 
Parametros:  10000;10;1;684 
Parametros:  10000;10;2;684 
Parametros:  10000;10;3;684 
Parametros:  10000;10;4;684 
Parametros:  10000;10;5;684 
Parametros:  10000;10;6;684 
Parametros:  10000;10;7;684 
Parametros:  10000;10;8;684 
Parametros:  10000;10;0;702 
Parametros:  10000;10;1;702 
Parametros:  10000;10;2;702 
Parametros:  10000;10;3;702 
Parametros:  10000;10;4;702 
Parametros:  10000;10;5;702 
Parametros:  10000;10;6;702 
Parametros:  10000;10;7;702 
Parametros:  10000;10;8;702 
Parametros:  10000;10;0;814 
Parametros:  10000;10;1;814 
Parametros:  10000;10;2;814 
Parametros:  10000;10;3;814 
Parametros:  10000;10;4;814 
Parametros:  10000;10;5;814 
Parametros:  10000;10;6;814 
Parametros:  10000;10;7;814 
Parametros:  10000;10;8;814 
Parametros:  10000;10;0;888 
Parametros:  10000;10;1;888 
Parametros:  10000;10;2;888 
Parametros:  10000;10;3;888 
Parametros:  10000;10;4;888 
Parametros:  10000;10;5;888 
Parametros:  10000;10;6;888 
Parametros:  10000;10;7;888 
Parametros:  10000;10;8;888 
Parametros:  10000;10;0;1165 
Parametros:  10000;10;1;1165 
Parametros:  10000;10;2;1165 
Parametros:  10000;10;3;1165 
Parametros:  10000;10;4;1165 
Parametros:  10000;10;5;1165 
Parametros:  10000;10;6;1165 
Parametros:  10000;10;7;1165 
Parametros:  10000;10;8;1165 
Parametros:  10000;10;0;2012 
Parametros:  10000;10;1;2012 
Parametros:  10000;10;2;2012 
Parametros:  10000;10;3;2012 
Parametros:  10000;10;4;2012 
Parametros:  10000;10;5;2012 
Parametros:  10000;10;6;2012 
Parametros:  10000;10;7;2012 
Parametros:  10000;10;8;2012 
Parametros:  10000;10;0;2511 
Parametros:  10000;10;1;2511 
Parametros:  10000;10;2;2511 
Parametros:  10000;10;3;2511 
Parametros:  10000;10;4;2511 
Parametros:  10000;10;5;2511 
Parametros:  10000;10;6;2511 
Parametros:  10000;10;7;2511 
Parametros:  10000;10;8;2511 
Parametros:  10000;10;0;9396 
Parametros:  10000;10;1;9396 
Parametros:  10000;10;2;9396 
Parametros:  10000;10;3;9396 
Parametros:  10000;10;4;9396 
Parametros:  10000;10;5;9396 
Parametros:  10000;10;6;9396 
Parametros:  10000;10;7;9396 
Parametros:  10000;10;8;9396 
Parametros:  10000;10;0;11792 
Parametros:  10000;10;1;11792 
Parametros:  10000;10;2;11792 
Parametros:  10000;10;3;11792 
Parametros:  10000;10;4;11792 
Parametros:  10000;10;5;11792 
Parametros:  10000;10;6;11792 
Parametros:  10000;10;7;11792 
Parametros:  10000;10;8;11792 
Parametros:  10000;20;0;107 
Parametros:  10000;20;1;107 
Parametros:  10000;20;2;107 
Parametros:  10000;20;3;107 
Parametros:  10000;20;4;107 
Parametros:  10000;20;5;107 
Parametros:  10000;20;6;107 
Parametros:  10000;20;7;107 
Parametros:  10000;20;8;107 
Parametros:  10000;20;0;126 
Parametros:  10000;20;1;126 
Parametros:  10000;20;2;126 
Parametros:  10000;20;3;126 
Parametros:  10000;20;4;126 
Parametros:  10000;20;5;126 
Parametros:  10000;20;6;126 
Parametros:  10000;20;7;126 
Parametros:  10000;20;8;126 
Parametros:  10000;20;0;149 
Parametros:  10000;20;1;149 
Parametros:  10000;20;2;149 
Parametros:  10000;20;3;149 
Parametros:  10000;20;4;149 
Parametros:  10000;20;5;149 
Parametros:  10000;20;6;149 
Parametros:  10000;20;7;149 
Parametros:  10000;20;8;149 
Parametros:  10000;20;0;182 
Parametros:  10000;20;1;182 
Parametros:  10000;20;2;182 
Parametros:  10000;20;3;182 
Parametros:  10000;20;4;182 
Parametros:  10000;20;5;182 
Parametros:  10000;20;6;182 
Parametros:  10000;20;7;182 
Parametros:  10000;20;8;182 
Parametros:  10000;20;0;233 
Parametros:  10000;20;1;233 
Parametros:  10000;20;2;233 
Parametros:  10000;20;3;233 
Parametros:  10000;20;4;233 
Parametros:  10000;20;5;233 
Parametros:  10000;20;6;233 
Parametros:  10000;20;7;233 
Parametros:  10000;20;8;233 
Parametros:  10000;20;0;242 
Parametros:  10000;20;1;242 
Parametros:  10000;20;2;242 
Parametros:  10000;20;3;242 
Parametros:  10000;20;4;242 
Parametros:  10000;20;5;242 
Parametros:  10000;20;6;242 
Parametros:  10000;20;7;242 
Parametros:  10000;20;8;242 
Parametros:  10000;20;0;261 
Parametros:  10000;20;1;261 
Parametros:  10000;20;2;261 
Parametros:  10000;20;3;261 
Parametros:  10000;20;4;261 
Parametros:  10000;20;5;261 
Parametros:  10000;20;6;261 
Parametros:  10000;20;7;261 
Parametros:  10000;20;8;261 
Parametros:  10000;20;0;265 
Parametros:  10000;20;1;265 
Parametros:  10000;20;2;265 
Parametros:  10000;20;3;265 
Parametros:  10000;20;4;265 
Parametros:  10000;20;5;265 
Parametros:  10000;20;6;265 
Parametros:  10000;20;7;265 
Parametros:  10000;20;8;265 
Parametros:  10000;20;0;301 
Parametros:  10000;20;1;301 
Parametros:  10000;20;2;301 
Parametros:  10000;20;3;301 
Parametros:  10000;20;4;301 
Parametros:  10000;20;5;301 
Parametros:  10000;20;6;301 
Parametros:  10000;20;7;301 
Parametros:  10000;20;8;301 
Parametros:  10000;20;0;379 
Parametros:  10000;20;1;379 
Parametros:  10000;20;2;379 
Parametros:  10000;20;3;379 
Parametros:  10000;20;4;379 
Parametros:  10000;20;5;379 
Parametros:  10000;20;6;379 
Parametros:  10000;20;7;379 
Parametros:  10000;20;8;379 
Parametros:  10000;20;0;662 
Parametros:  10000;20;1;662 
Parametros:  10000;20;2;662 
Parametros:  10000;20;3;662 
Parametros:  10000;20;4;662 
Parametros:  10000;20;5;662 
Parametros:  10000;20;6;662 
Parametros:  10000;20;7;662 
Parametros:  10000;20;8;662 
Parametros:  10000;20;0;684 
Parametros:  10000;20;1;684 
Parametros:  10000;20;2;684 
Parametros:  10000;20;3;684 
Parametros:  10000;20;4;684 
Parametros:  10000;20;5;684 
Parametros:  10000;20;6;684 
Parametros:  10000;20;7;684 
Parametros:  10000;20;8;684 
Parametros:  10000;20;0;702 
Parametros:  10000;20;1;702 
Parametros:  10000;20;2;702 
Parametros:  10000;20;3;702 
Parametros:  10000;20;4;702 
Parametros:  10000;20;5;702 
Parametros:  10000;20;6;702 
Parametros:  10000;20;7;702 
Parametros:  10000;20;8;702 
Parametros:  10000;20;0;814 
Parametros:  10000;20;1;814 
Parametros:  10000;20;2;814 
Parametros:  10000;20;3;814 
Parametros:  10000;20;4;814 
Parametros:  10000;20;5;814 
Parametros:  10000;20;6;814 
Parametros:  10000;20;7;814 
Parametros:  10000;20;8;814 
Parametros:  10000;20;0;888 
Parametros:  10000;20;1;888 
Parametros:  10000;20;2;888 
Parametros:  10000;20;3;888 
Parametros:  10000;20;4;888 
Parametros:  10000;20;5;888 
Parametros:  10000;20;6;888 
Parametros:  10000;20;7;888 
Parametros:  10000;20;8;888 
Parametros:  10000;20;0;1165 
Parametros:  10000;20;1;1165 
Parametros:  10000;20;2;1165 
Parametros:  10000;20;3;1165 
Parametros:  10000;20;4;1165 
Parametros:  10000;20;5;1165 
Parametros:  10000;20;6;1165 
Parametros:  10000;20;7;1165 
Parametros:  10000;20;8;1165 
Parametros:  10000;20;0;2012 
Parametros:  10000;20;1;2012 
Parametros:  10000;20;2;2012 
Parametros:  10000;20;3;2012 
Parametros:  10000;20;4;2012 
Parametros:  10000;20;5;2012 
Parametros:  10000;20;6;2012 
Parametros:  10000;20;7;2012 
Parametros:  10000;20;8;2012 
Parametros:  10000;20;0;2511 
Parametros:  10000;20;1;2511 
Parametros:  10000;20;2;2511 
Parametros:  10000;20;3;2511 
Parametros:  10000;20;4;2511 
Parametros:  10000;20;5;2511 
Parametros:  10000;20;6;2511 
Parametros:  10000;20;7;2511 
Parametros:  10000;20;8;2511 
Parametros:  10000;20;0;9396 
Parametros:  10000;20;1;9396 
Parametros:  10000;20;2;9396 
Parametros:  10000;20;3;9396 
Parametros:  10000;20;4;9396 
Parametros:  10000;20;5;9396 
Parametros:  10000;20;6;9396 
Parametros:  10000;20;7;9396 
Parametros:  10000;20;8;9396 
Parametros:  10000;20;0;11792 
Parametros:  10000;20;1;11792 
Parametros:  10000;20;2;11792 
Parametros:  10000;20;3;11792 
Parametros:  10000;20;4;11792 
Parametros:  10000;20;5;11792 
Parametros:  10000;20;6;11792 
Parametros:  10000;20;7;11792 
Parametros:  10000;20;8;11792 
Parametros:  10000;50;0;107 
Parametros:  10000;50;1;107 
Parametros:  10000;50;2;107 
Parametros:  10000;50;3;107 
Parametros:  10000;50;4;107 
Parametros:  10000;50;5;107 
Parametros:  10000;50;6;107 
Parametros:  10000;50;7;107 
Parametros:  10000;50;8;107 
Parametros:  10000;50;0;126 
Parametros:  10000;50;1;126 
Parametros:  10000;50;2;126 
Parametros:  10000;50;3;126 
Parametros:  10000;50;4;126 
Parametros:  10000;50;5;126 
Parametros:  10000;50;6;126 
Parametros:  10000;50;7;126 
Parametros:  10000;50;8;126 
Parametros:  10000;50;0;149 
Parametros:  10000;50;1;149 
Parametros:  10000;50;2;149 
Parametros:  10000;50;3;149 
Parametros:  10000;50;4;149 
Parametros:  10000;50;5;149 
Parametros:  10000;50;6;149 
Parametros:  10000;50;7;149 
Parametros:  10000;50;8;149 
Parametros:  10000;50;0;182 
Parametros:  10000;50;1;182 
Parametros:  10000;50;2;182 
Parametros:  10000;50;3;182 
Parametros:  10000;50;4;182 
Parametros:  10000;50;5;182 
Parametros:  10000;50;6;182 
Parametros:  10000;50;7;182 
Parametros:  10000;50;8;182 
Parametros:  10000;50;0;233 
Parametros:  10000;50;1;233 
Parametros:  10000;50;2;233 
Parametros:  10000;50;3;233 
Parametros:  10000;50;4;233 
Parametros:  10000;50;5;233 
Parametros:  10000;50;6;233 
Parametros:  10000;50;7;233 
Parametros:  10000;50;8;233 
Parametros:  10000;50;0;242 
Parametros:  10000;50;1;242 
Parametros:  10000;50;2;242 
Parametros:  10000;50;3;242 
Parametros:  10000;50;4;242 
Parametros:  10000;50;5;242 
Parametros:  10000;50;6;242 
Parametros:  10000;50;7;242 
Parametros:  10000;50;8;242 
Parametros:  10000;50;0;261 
Parametros:  10000;50;1;261 
Parametros:  10000;50;2;261 
Parametros:  10000;50;3;261 
Parametros:  10000;50;4;261 
Parametros:  10000;50;5;261 
Parametros:  10000;50;6;261 
Parametros:  10000;50;7;261 
Parametros:  10000;50;8;261 
Parametros:  10000;50;0;265 
Parametros:  10000;50;1;265 
Parametros:  10000;50;2;265 
Parametros:  10000;50;3;265 
Parametros:  10000;50;4;265 
Parametros:  10000;50;5;265 
Parametros:  10000;50;6;265 
Parametros:  10000;50;7;265 
Parametros:  10000;50;8;265 
Parametros:  10000;50;0;301 
Parametros:  10000;50;1;301 
Parametros:  10000;50;2;301 
Parametros:  10000;50;3;301 
Parametros:  10000;50;4;301 
Parametros:  10000;50;5;301 
Parametros:  10000;50;6;301 
Parametros:  10000;50;7;301 
Parametros:  10000;50;8;301 
Parametros:  10000;50;0;379 
Parametros:  10000;50;1;379 
Parametros:  10000;50;2;379 
Parametros:  10000;50;3;379 
Parametros:  10000;50;4;379 
Parametros:  10000;50;5;379 
Parametros:  10000;50;6;379 
Parametros:  10000;50;7;379 
Parametros:  10000;50;8;379 
Parametros:  10000;50;0;662 
Parametros:  10000;50;1;662 
Parametros:  10000;50;2;662 
Parametros:  10000;50;3;662 
Parametros:  10000;50;4;662 
Parametros:  10000;50;5;662 
Parametros:  10000;50;6;662 
Parametros:  10000;50;7;662 
Parametros:  10000;50;8;662 
Parametros:  10000;50;0;684 
Parametros:  10000;50;1;684 
Parametros:  10000;50;2;684 
Parametros:  10000;50;3;684 
Parametros:  10000;50;4;684 
Parametros:  10000;50;5;684 
Parametros:  10000;50;6;684 
Parametros:  10000;50;7;684 
Parametros:  10000;50;8;684 
Parametros:  10000;50;0;702 
Parametros:  10000;50;1;702 
Parametros:  10000;50;2;702 
Parametros:  10000;50;3;702 
Parametros:  10000;50;4;702 
Parametros:  10000;50;5;702 
Parametros:  10000;50;6;702 
Parametros:  10000;50;7;702 
Parametros:  10000;50;8;702 
Parametros:  10000;50;0;814 
Parametros:  10000;50;1;814 
Parametros:  10000;50;2;814 
Parametros:  10000;50;3;814 
Parametros:  10000;50;4;814 
Parametros:  10000;50;5;814 
Parametros:  10000;50;6;814 
Parametros:  10000;50;7;814 
Parametros:  10000;50;8;814 
Parametros:  10000;50;0;888 
Parametros:  10000;50;1;888 
Parametros:  10000;50;2;888 
Parametros:  10000;50;3;888 
Parametros:  10000;50;4;888 
Parametros:  10000;50;5;888 
Parametros:  10000;50;6;888 
Parametros:  10000;50;7;888 
Parametros:  10000;50;8;888 
Parametros:  10000;50;0;1165 
Parametros:  10000;50;1;1165 
Parametros:  10000;50;2;1165 
Parametros:  10000;50;3;1165 
Parametros:  10000;50;4;1165 
Parametros:  10000;50;5;1165 
Parametros:  10000;50;6;1165 
Parametros:  10000;50;7;1165 
Parametros:  10000;50;8;1165 
Parametros:  10000;50;0;2012 
Parametros:  10000;50;1;2012 
Parametros:  10000;50;2;2012 
Parametros:  10000;50;3;2012 
Parametros:  10000;50;4;2012 
Parametros:  10000;50;5;2012 
Parametros:  10000;50;6;2012 
Parametros:  10000;50;7;2012 
Parametros:  10000;50;8;2012 
Parametros:  10000;50;0;2511 
Parametros:  10000;50;1;2511 
Parametros:  10000;50;2;2511 
Parametros:  10000;50;3;2511 
Parametros:  10000;50;4;2511 
Parametros:  10000;50;5;2511 
Parametros:  10000;50;6;2511 
Parametros:  10000;50;7;2511 
Parametros:  10000;50;8;2511 
Parametros:  10000;50;0;9396 
Parametros:  10000;50;1;9396 
Parametros:  10000;50;2;9396 
Parametros:  10000;50;3;9396 
Parametros:  10000;50;4;9396 
Parametros:  10000;50;5;9396 
Parametros:  10000;50;6;9396 
Parametros:  10000;50;7;9396 
Parametros:  10000;50;8;9396 
Parametros:  10000;50;0;11792 
Parametros:  10000;50;1;11792 
Parametros:  10000;50;2;11792 
Parametros:  10000;50;3;11792 
Parametros:  10000;50;4;11792 
Parametros:  10000;50;5;11792 
Parametros:  10000;50;6;11792 
Parametros:  10000;50;7;11792 
Parametros:  10000;50;8;11792 

*****************************************************************************
*                                                                           *
*                    JOB EFFICIENCY REPORT (seff 4923222)                   *
*                                                                           *
*****************************************************************************

Job ID: 4923222
Cluster: finisterrae3
User/Group: ulcesjgc/ulc
State: COMPLETED (exit code 0)
Nodes: 1
Cores per node: 32
CPU Utilized: 12:03:22
CPU Efficiency: 64.22% of 18:46:24 core-walltime
Job Wall-clock time: 00:35:12
Memory Utilized: 7.25 GB
Memory Efficiency: 92.82% of 7.81 GB

*****************************************************************************

