slurmstepd: info: Setting TMPDIR to /scratch/4859191. Previous errors about TMPDIR can be discarded

*****************************************************************************
*                                                                           *
*                    JOB EFFICIENCY REPORT (seff 4859191)                   *
*                                                                           *
*****************************************************************************

Job ID: 4859191
Cluster: finisterrae3
User/Group: ulcesjgc/ulc
State: COMPLETED (exit code 0)
Nodes: 1
Cores per node: 16
CPU Utilized: 01:11:46
CPU Efficiency: 13.30% of 08:59:28 core-walltime
Job Wall-clock time: 00:33:43
Memory Utilized: 1.33 GB
Memory Efficiency: 56.94% of 2.34 GB

 +++++++++++++++++++++++++++++++++++++++++++++++++++++++++++++++++++++++++++
 ++   Memory Efficiency is too small. Please review the requested memory. ++
 ++ It seems that you do not need that much memory so we recommend        ++
 ++ requesting less memory in other similar jobs.                         ++
 +++++++++++++++++++++++++++++++++++++++++++++++++++++++++++++++++++++++++++
 
*****************************************************************************

